[www.instahealthsolutions.com/index.html]
[backblue.gif]
[fade.gif]
[index.html]
[www.instahealthsolutions.com/images/fav.png]
[www.instahealthsolutions.com/css/bootstrap.css]
[www.instahealthsolutions.com/css/font-awesome.min.css]
[www.instahealthsolutions.com/css/easy-responsive-tabs.css]
[www.instahealthsolutions.com/css/jquery.bxslider.css]
[www.instahealthsolutions.com/css/style.css]
[www.instahealthsolutions.com/css/responsive.css]
[www.instahealthsolutions.com/js/jquery.min.js]
[www.instahealthsolutions.com/js/easy-responsive-tabs.js]
[www.instahealthsolutions.com/js/bootstrap.js]
[www.instahealthsolutions.com/js/jquery.bxslider.js]
[www.instahealthsolutions.com/js/script.js]
[snap.licdn.com/li.lms-analytics/insight.min.js]
[www.instahealthsolutions.com/images/logo_practo.png]
[www.instahealthsolutions.com/index-2.html]
[www.instahealthsolutions.com/images/logo_ins.png]
[www.instahealthsolutions.com/freedemo.html]
[www.instahealthsolutions.com/primary-care-centers-and-general-practitioners.html]
[www.instahealthsolutions.com/secondary-care-hospital.html]
[www.instahealthsolutions.com/speciality-centres.html]
[www.instahealthsolutions.com/hospital-and-clinic-chains.html]
[www.instahealthsolutions.com/modules.html]
[www.instahealthsolutions.com/process_flows.html]
[www.instahealthsolutions.com/international_features.html]
[www.instahealthsolutions.com/integration_interfaces.html]
[www.instahealthsolutions.com/products.html]
[www.instahealthsolutions.com/indian_clients.html]
[www.instahealthsolutions.com/testimonials.html]
[www.instahealthsolutions.com/partners.html]
[www.instahealthsolutions.com/case_studies.html]
[www.instahealthsolutions.com/brochures.html]
[www.instahealthsolutions.com/blog/index.html]
[www.instahealthsolutions.com/aboutus.html]
[www.instahealthsolutions.com/faq.html]
[www.instahealthsolutions.com/contact_us.html]
[www.instahealthsolutions.com/images/banner_img_cont1.png]
[www.instahealthsolutions.com/images/banner_img2_1.png]
[www.instahealthsolutions.com/images/banner_img2.png]
[www.instahealthsolutions.com/images/changingafricanhealthcare.pdf]
[www.instahealthsolutions.com/images/client_img1.png]
[www.instahealthsolutions.com/images/client_img2.png]
[www.instahealthsolutions.com/images/client_img4.png]
[www.instahealthsolutions.com/images/client_img5.png]
[www.instahealthsolutions.com/images/client_img6.png]
[www.instahealthsolutions.com/images/client_img7.png]
[www.instahealthsolutions.com/images/client_img8.png]
[www.instahealthsolutions.com/images/client_img9.png]
[www.instahealthsolutions.com/images/african_client_img1.png]
[www.instahealthsolutions.com/images/african_client_img2.png]
[www.instahealthsolutions.com/images/african_client_img3.png]
[www.instahealthsolutions.com/images/african_client_img4.png]
[www.instahealthsolutions.com/images/african_client_img5.png]
[www.instahealthsolutions.com/images/african_client_img6.png]
[www.instahealthsolutions.com/images/african_client_img7.png]
[www.instahealthsolutions.com/images/practoinsta_img1.png]
[www.instahealthsolutions.com/images/practoinsta_img2.png]
[www.instahealthsolutions.com/images/practoinsta_img3.png]
[www.instahealthsolutions.com/images/practoinsta_img4.png]
[www.instahealthsolutions.com/images/practoinsta_img5.png]
[www.instahealthsolutions.com/images/practoinsta_img6.png]
[www.instahealthsolutions.com/images/whypractoinsta_img1.png]
[www.instahealthsolutions.com/images/whypractoinsta_img2.png]
[www.instahealthsolutions.com/images/whypractoinsta_img3.png]
[www.instahealthsolutions.com/images/whypractoinsta_img4.png]
[www.instahealthsolutions.com/images/whypractoinsta_img5.png]
[www.instahealthsolutions.com/images/whypractoinsta_img6.png]
[www.instahealthsolutions.com/images/whypractoinsta_img7.png]
[www.instahealthsolutions.com/images/whypractoinsta_img8.png]
[www.instahealthsolutions.com/images/userdefault_img.png]
[www.instahealthsolutions.com/international_clients.html]
[www.instahealthsolutions.com/images/country_img1.png]
[www.instahealthsolutions.com/images/country_img2.png]
[www.instahealthsolutions.com/images/country_img3.png]
[www.instahealthsolutions.com/images/country_img4.png]
[www.instahealthsolutions.com/images/country_img5.png]
[www.instahealthsolutions.com/images/country_img6.png]
[www.instahealthsolutions.com/images/country_img7.png]
[www.instahealthsolutions.com/images/country_img8.png]
[www.instahealthsolutions.com/images/country_img9.png]
[www.instahealthsolutions.com/images/country_img10.png]
[www.instahealthsolutions.com/images/country_img11.png]
[www.instahealthsolutions.com/images/country_img12.png]
[www.instahealthsolutions.com/images/country_img13.png]
[www.instahealthsolutions.com/images/country_img14.png]
[www.instahealthsolutions.com/images/country_img15.png]
[www.instahealthsolutions.com/index.html]
[connect.facebook.net/en_US/fbevents.js]
[www.instahealthsolutions.com/fonts/glyphicons-halflings-regular.eot]
[www.instahealthsolutions.com/fonts/glyphicons-halflings-regulard41d.eot]
[www.instahealthsolutions.com/fonts/glyphicons-halflings-regular.woff2]
[www.instahealthsolutions.com/fonts/glyphicons-halflings-regular.woff]
[www.instahealthsolutions.com/fonts/glyphicons-halflings-regular.ttf]
[www.instahealthsolutions.com/css/bootstrap.css]
[www.instahealthsolutions.com/fonts/glyphicons-halflings-regular.svg]
[www.instahealthsolutions.com/fonts/fontawesome-webfont5b62.eot]
[www.instahealthsolutions.com/fonts/fontawesome-webfont5b62.woff2]
[www.instahealthsolutions.com/fonts/fontawesome-webfontd41d.eot]
[www.instahealthsolutions.com/fonts/fontawesome-webfont5b62.woff]
[www.instahealthsolutions.com/fonts/fontawesome-webfont5b62.ttf]
[www.instahealthsolutions.com/css/font-awesome.min.css]
[www.instahealthsolutions.com/css/easy-responsive-tabs.css]
[www.instahealthsolutions.com/fonts/fontawesome-webfont5b62.svg]
[www.instahealthsolutions.com/images/bx_loader.gif]
[www.instahealthsolutions.com/images/controls.png]
[www.instahealthsolutions.com/css/jquery.bxslider.css]
[www.instahealthsolutions.com/fonts/museo100-regular-webfont.eot]
[www.instahealthsolutions.com/fonts/museo100-regular-webfontd41d.eot]
[www.instahealthsolutions.com/fonts/museo100-regular-webfont.woff2]
[www.instahealthsolutions.com/fonts/museo100-regular-webfont.woff]
[www.instahealthsolutions.com/fonts/museo100-regular-webfont.ttf]
[www.instahealthsolutions.com/fonts/museo100-regular-webfont.svg]
[www.instahealthsolutions.com/fonts/museo300-regular-webfont.eot]
[www.instahealthsolutions.com/fonts/museo300-regular-webfontd41d.eot]
[www.instahealthsolutions.com/fonts/museo300-regular-webfont.woff2]
[www.instahealthsolutions.com/fonts/museo300-regular-webfont.woff]
[www.instahealthsolutions.com/fonts/museo300-regular-webfont.ttf]
[www.instahealthsolutions.com/fonts/museo300-regular-webfont.svg]
[www.instahealthsolutions.com/fonts/museo500-regular-webfont.eot]
[www.instahealthsolutions.com/fonts/museo500-regular-webfontd41d.eot]
[www.instahealthsolutions.com/fonts/museo500-regular-webfont.woff2]
[www.instahealthsolutions.com/fonts/museo500-regular-webfont.woff]
[www.instahealthsolutions.com/fonts/museo500-regular-webfont.ttf]
[www.instahealthsolutions.com/fonts/museo500-regular-webfont.svg]
[www.instahealthsolutions.com/fonts/museo700-regular_0-webfont.eot]
[www.instahealthsolutions.com/fonts/museo700-regular_0-webfontd41d.eot]
[www.instahealthsolutions.com/fonts/museo700-regular_0-webfont.woff2]
[www.instahealthsolutions.com/fonts/museo700-regular_0-webfont.woff]
[www.instahealthsolutions.com/fonts/museo700-regular_0-webfont.ttf]
[www.instahealthsolutions.com/fonts/museo700-regular_0-webfont.svg]
[www.instahealthsolutions.com/images/nav_banner_bg1.jpg]
[www.instahealthsolutions.com/images/african_nav_banner.jpg]
[www.instahealthsolutions.com/images/nav_banner_bg.jpg]
[www.instahealthsolutions.com/images/nav_banner_bg2.jpg]
[www.instahealthsolutions.com/images/nav_banner_bg3.jpg]
[www.instahealthsolutions.com/images/african_banner_img.jpg]
[www.instahealthsolutions.com/images/title_bg.png]
[www.instahealthsolutions.com/images/controls2.png]
[www.instahealthsolutions.com/images/hospitalmanagement_bg.jpg]
[www.instahealthsolutions.com/images/contact_bg.jpg]
[www.instahealthsolutions.com/images/partners.jpg]
[www.instahealthsolutions.com/images/contact.jpg]
[www.instahealthsolutions.com/images/faq.jpg]
[www.instahealthsolutions.com/images/freedemo.jpg]
[www.instahealthsolutions.com/images/faq_arrow.png]
[www.instahealthsolutions.com/images/dot_img.png]
[www.instahealthsolutions.com/images/outpatient_bg.jpg]
[www.instahealthsolutions.com/images/testimonials_bg.jpg]
[www.instahealthsolutions.com/images/innerpage_bg.jpg]
[www.instahealthsolutions.com/images/internationalclients_bg.jpg]
[www.instahealthsolutions.com/images/indianclient_bg.jpg]
[www.instahealthsolutions.com/images/indiamulticenterclientele_bg.jpg]
[www.instahealthsolutions.com/images/internationalmulticenterclientele_bg.jpg]
[www.instahealthsolutions.com/images/interfacesbanner_bg.jpg]
[www.instahealthsolutions.com/images/integration_interfaces_bg.jpg]
[www.instahealthsolutions.com/images/international_features_bg.jpg]
[www.instahealthsolutions.com/images/primarycarecenters_bg.jpg]
[www.instahealthsolutions.com/images/check_icon.png]
[www.instahealthsolutions.com/images/bullet_bg.png]
[www.instahealthsolutions.com/images/processflows_bg.png]
[www.instahealthsolutions.com/images/pricing_listbg.png]
[www.instahealthsolutions.com/images/check_icon2.png]
[www.instahealthsolutions.com/images/testimonials_topbg.png]
[www.instahealthsolutions.com/images/testimonials_innerlist_bgline.png]
[www.instahealthsolutions.com/images/clients_check.png]
[www.instahealthsolutions.com/images/bluelocation_icon.png]
[www.instahealthsolutions.com/css/style.css]
[www.instahealthsolutions.com/css/responsive.css]
[px.ads.linkedin.com/insight_tag_errorsd41d.gif]
[snap.licdn.com/li.lms-analytics/insight.min.js]
[www.instahealthsolutions.com/index-2.html]
[www.instahealthsolutions.com/js/materialize.js]
[www.instahealthsolutions.com/freedemo.html]
[www.instahealthsolutions.com/js/jquery.validate.min.js]
[www.instahealthsolutions.com/images/healthcareprovide_img.png]
[www.instahealthsolutions.com/images/scheduleademo_img.png]
[www.instahealthsolutions.com/primary-care-centers-and-general-practitioners.html]
[www.instahealthsolutions.com/secondary-care-hospital.html]
[www.instahealthsolutions.com/speciality-centres.html]
[www.instahealthsolutions.com/images/solutions_img1.png]
[www.instahealthsolutions.com/images/solutions_img2.png]
[www.instahealthsolutions.com/images/solutions_img3.png]
[www.instahealthsolutions.com/images/solutions_img4.png]
[www.instahealthsolutions.com/hospital-and-clinic-chains.html]
[www.instahealthsolutions.com/images/modules_img1.png]
[www.instahealthsolutions.com/images/modules_img2.png]
[www.instahealthsolutions.com/images/modules_img3.png]
[www.instahealthsolutions.com/modules.html]
[www.instahealthsolutions.com/css/animate.css]
[www.instahealthsolutions.com/js/wow.min.js]
[www.instahealthsolutions.com/images/first_img.png]
[www.instahealthsolutions.com/images/outpatient_img.png]
[www.instahealthsolutions.com/out_patient_flow.html]
[www.instahealthsolutions.com/images/second_img.png]
[www.instahealthsolutions.com/images/labradiology_img.png]
[www.instahealthsolutions.com/lab_radiology_services.html]
[www.instahealthsolutions.com/images/third_img.png]
[www.instahealthsolutions.com/images/inpatientflow_img.png]
[www.instahealthsolutions.com/inpatient_flow.html]
[www.instahealthsolutions.com/images/fourth_img.png]
[www.instahealthsolutions.com/images/stores_img.png]
[www.instahealthsolutions.com/stores.html]
[www.instahealthsolutions.com/images/fifth_img.png]
[www.instahealthsolutions.com/images/insurance_img.png]
[www.instahealthsolutions.com/insurance.html]
[www.instahealthsolutions.com/images/sixth_img.png]
[www.instahealthsolutions.com/images/others_img.png]
[www.instahealthsolutions.com/process_flows.html]
[www.instahealthsolutions.com/others.html]
[www.instahealthsolutions.com/international-features.html]
[www.instahealthsolutions.com/international_features.html]
[www.instahealthsolutions.com/integration-interfaces.html]
[www.instahealthsolutions.com/images/labequipment_img.png]
[www.instahealthsolutions.com/images/imaging_img.png]
[www.instahealthsolutions.com/images/videoserver_img.png]
[www.instahealthsolutions.com/images/pacs_img.png]
[www.instahealthsolutions.com/images/financial_img.png]
[www.instahealthsolutions.com/images/othersplhealthcare_img.png]
[www.instahealthsolutions.com/images/barcode_img.png]
[www.instahealthsolutions.com/images/digitalsign_img.png]
[www.instahealthsolutions.com/images/voicerecd_img.png]
[www.instahealthsolutions.com/integration_interfaces.html]
[www.instahealthsolutions.com/images/pricing_listheadimg1.png]
[www.instahealthsolutions.com/images/pricing_listheadimg2.png]
[www.instahealthsolutions.com/images/pricing_listheadimg3.png]
[www.instahealthsolutions.com/products.html]
[www.instahealthsolutions.com/indianmulti_clients.html]
[www.instahealthsolutions.com/indian_clients.html]
[www.instahealthsolutions.com/internationalmulti_clients.html]
[www.instahealthsolutions.com/images/testimonials_listimg1.jpg]
[www.instahealthsolutions.com/images/testimonials_listimg2.jpg]
[www.instahealthsolutions.com/images/testimonials_listimg3.jpg]
[www.instahealthsolutions.com/images/testimonials_listimg4.jpg]
[www.instahealthsolutions.com/images/testimonials_listimg5.jpg]
[www.instahealthsolutions.com/testimonials.html]
[www.instahealthsolutions.com/images/ids_logo.png]
[www.instahealthsolutions.com/images/esolutions_logo.png]
[www.instahealthsolutions.com/images/exceed_logo.png]
[www.instahealthsolutions.com/images/alalem_logo.png]
[www.instahealthsolutions.com/images/intuitive_logo.png]
[www.instahealthsolutions.com/images/focus_logo.png]
[www.instahealthsolutions.com/images/handi.png]
[www.instahealthsolutions.com/images/enterprisesystems_img.png]
[www.instahealthsolutions.com/partners.html]
[www.instahealthsolutions.com/case_studies.html]
[www.instahealthsolutions.com/blog/comments/feed/index.html]
[31yn48237s4i3n2d4u2bt0mr-wpengine.netdna-ssl.com/blog/wp-includes/css/dist/block-library/style.minc225.css]
[www.instahealthsolutions.com/blog/feed/index.html]
[31yn48237s4i3n2d4u2bt0mr-wpengine.netdna-ssl.com/blog/wp-content/plugins/rotatingtweets/css/stylec225.css]
[31yn48237s4i3n2d4u2bt0mr-wpengine.netdna-ssl.com/blog/wp-content/plugins/fetch-tweets/template/plain/stylec225.css]
[31yn48237s4i3n2d4u2bt0mr-wpengine.netdna-ssl.com/blog/wp-content/themes/iginstahealth/stylec225.css]
[31yn48237s4i3n2d4u2bt0mr-wpengine.netdna-ssl.com/blog/wp-content/themes/iginstahealth/inc/fontawesome/css/font-awesome474a.css]
[31yn48237s4i3n2d4u2bt0mr-wpengine.netdna-ssl.com/blog/wp-content/plugins/easy-custom-auto-excerpt/assets/style-frontend367a.css]
[31yn48237s4i3n2d4u2bt0mr-wpengine.netdna-ssl.com/blog/wp-content/plugins/easy-custom-auto-excerpt/buttons/ecae-buttonskin-none367a.css]
[31yn48237s4i3n2d4u2bt0mr-wpengine.netdna-ssl.com/blog/wp-content/plugins/flare/css/flare4281.css]
[31yn48237s4i3n2d4u2bt0mr-wpengine.netdna-ssl.com/blog/wp-includes/js/jquery/jquery4a5f.js]
[31yn48237s4i3n2d4u2bt0mr-wpengine.netdna-ssl.com/blog/wp-includes/js/jquery/jquery-migrate.min330a.js]
[www.instahealthsolutions.com/blog/xmlrpc0db0.php]
[www.instahealthsolutions.com/blog/wp-json/index.html]
[www.instahealthsolutions.com/blog/wp-includes/wlwmanifest.xml]
[31yn48237s4i3n2d4u2bt0mr-wpengine.netdna-ssl.com/blog/wp-content/themes/iginstahealth/js/script.js]
[31yn48237s4i3n2d4u2bt0mr-wpengine.netdna-ssl.com/blog/wp-content/themes/iginstahealth/images/logo_practo.png]
[31yn48237s4i3n2d4u2bt0mr-wpengine.netdna-ssl.com/blog/wp-content/uploads/2018/05/logo_ins.png]
[31yn48237s4i3n2d4u2bt0mr-wpengine.netdna-ssl.com/blog/wp-content/uploads/2014/02/Pic.jpg]
[31yn48237s4i3n2d4u2bt0mr-wpengine.netdna-ssl.com/blog/wp-content/themes/iginstahealth/images/country_img2.png]
[www.instahealthsolutions.com/blog/category/healthcare-it-posts/index.html]
[31yn48237s4i3n2d4u2bt0mr-wpengine.netdna-ssl.com/blog/wp-content/themes/iginstahealth/images/country_img3.png]
[www.instahealthsolutions.com/blog/category/philippines-his/index.html]
[31yn48237s4i3n2d4u2bt0mr-wpengine.netdna-ssl.com/blog/wp-content/themes/iginstahealth/images/country_img4.png]
[www.instahealthsolutions.com/blog/tag/hms/index.html]
[www.instahealthsolutions.com/blog/tag/emr/index.html]
[31yn48237s4i3n2d4u2bt0mr-wpengine.netdna-ssl.com/blog/wp-content/themes/iginstahealth/images/country_img5.png]
[www.instahealthsolutions.com/blog/tag/e-prescribing/index.html]
[31yn48237s4i3n2d4u2bt0mr-wpengine.netdna-ssl.com/blog/wp-content/themes/iginstahealth/images/country_img6.png]
[www.instahealthsolutions.com/blog/tag/adrs/index.html]
[31yn48237s4i3n2d4u2bt0mr-wpengine.netdna-ssl.com/blog/wp-content/themes/iginstahealth/images/country_img7.png]
[www.instahealthsolutions.com/blog/tag/agile-software-development/index.html]
[www.instahealthsolutions.com/blog/tag/appointments/index.html]
[31yn48237s4i3n2d4u2bt0mr-wpengine.netdna-ssl.com/blog/wp-content/themes/iginstahealth/images/country_img8.png]
[www.instahealthsolutions.com/blog/tag/doctors/index.html]
[31yn48237s4i3n2d4u2bt0mr-wpengine.netdna-ssl.com/blog/wp-content/themes/iginstahealth/images/country_img9.png]
[www.instahealthsolutions.com/blog/tag/hospitals/index.html]
[www.instahealthsolutions.com/blog/tag/ui/index.html]
[31yn48237s4i3n2d4u2bt0mr-wpengine.netdna-ssl.com/blog/wp-content/themes/iginstahealth/images/country_img10.png]
[www.instahealthsolutions.com/blog/tag/ux/index.html]
[31yn48237s4i3n2d4u2bt0mr-wpengine.netdna-ssl.com/blog/wp-content/themes/iginstahealth/images/country_img11.png]
[www.instahealthsolutions.com/blog/tag/insurance/index.html]
[www.instahealthsolutions.com/blog/tag/health-insurance/index.html]
[31yn48237s4i3n2d4u2bt0mr-wpengine.netdna-ssl.com/blog/wp-content/themes/iginstahealth/images/country_img12.png]
[www.instahealthsolutions.com/blog/tag/providers/index.html]
[31yn48237s4i3n2d4u2bt0mr-wpengine.netdna-ssl.com/blog/wp-content/themes/iginstahealth/images/country_img13.png]
[www.instahealthsolutions.com/blog/tag/payers/index.html]
[www.instahealthsolutions.com/blog/2017/08/index.html]
[31yn48237s4i3n2d4u2bt0mr-wpengine.netdna-ssl.com/blog/wp-content/themes/iginstahealth/images/country_img14.png]
[www.instahealthsolutions.com/blog/2015/12/index.html]
[31yn48237s4i3n2d4u2bt0mr-wpengine.netdna-ssl.com/blog/wp-content/themes/iginstahealth/images/country_img15.png]
[www.instahealthsolutions.com/blog/2015/10/index.html]
[www.instahealthsolutions.com/blog/2015/06/index.html]
[31yn48237s4i3n2d4u2bt0mr-wpengine.netdna-ssl.com/blog/wp-content/themes/iginstahealth/js/paperback5152.js]
[www.instahealthsolutions.com/blog/2015/04/index.html]
[31yn48237s4i3n2d4u2bt0mr-wpengine.netdna-ssl.com/blog/wp-content/themes/iginstahealth/js/jquery.fitvids7514.js]
[www.instahealthsolutions.com/blog/2015/02/index.html]
[www.instahealthsolutions.com/blog/2015/01/index.html]
[31yn48237s4i3n2d4u2bt0mr-wpengine.netdna-ssl.com/blog/wp-content/themes/iginstahealth/js/jquery.matchHeight5152.js]
[www.instahealthsolutions.com/blog/2014/12/index.html]
[31yn48237s4i3n2d4u2bt0mr-wpengine.netdna-ssl.com/blog/wp-content/themes/iginstahealth/js/responsiveslides2602.js]
[www.instahealthsolutions.com/blog/2014/11/index.html]
[www.instahealthsolutions.com/blog/2014/09/index.html]
[31yn48237s4i3n2d4u2bt0mr-wpengine.netdna-ssl.com/blog/wp-content/themes/iginstahealth/js/jquery.touchSwipe7514.js]
[www.instahealthsolutions.com/blog/2014/07/index.html]
[www.instahealthsolutions.com/blog/2014/05/index.html]
[31yn48237s4i3n2d4u2bt0mr-wpengine.netdna-ssl.com/blog/wp-content/themes/iginstahealth/js/headroom276f.js]
[www.instahealthsolutions.com/blog/philippines-govts-cloud-first-policy-what-does-it-mean-for-healthcare-providers/index.html]
[31yn48237s4i3n2d4u2bt0mr-wpengine.netdna-ssl.com/blog/wp-content/themes/iginstahealth/js/jQuery.headroom276f.js]
[www.instahealthsolutions.com/blog/author/admin/index.html]
[www.instahealthsolutions.com/blog/do-reimbursement-schemes-succeed-in-incentivizing-hospitals-to-provide-better-quality-care/index.html]
[www.instahealthsolutions.com/blog/index.html]
[31yn48237s4i3n2d4u2bt0mr-wpengine.netdna-ssl.com/blog/wp-includes/js/wp-embed.minc225.js]
[www.instahealthsolutions.com/blog/does-the-ui-or-ux-matter-more-for-an-hms/index.html]
[www.instahealthsolutions.com/blog/a-look-at-sri-lankas-channelling-based-doctor-appointment-system/index.html]
[www.instahealthsolutions.com/blog/the-migration-from-the-locally-hosted-box-to-the-cloud-get-saasified/index.html]
[www.instahealthsolutions.com/Instabrochure_updated.pdf]
[www.instahealthsolutions.com/blog/a-look-at-the-impact-of-an-efficient-hms-in-a-chaotic-er-room/index.html]
[www.instahealthsolutions.com/blog/healthcare-providers-see-greater-value-in-mobility-for-the-hospital-information-systems/index.html]
[www.instahealthsolutions.com/blog/the-governments-health-insurance-cost-conundrum-a-look-at-various-models/index.html]
[www.instahealthsolutions.com/images/pdf_icon.png]
[www.instahealthsolutions.com/brochures.html]
[www.instahealthsolutions.com/blog/page/2/index.html]
[www.instahealthsolutions.com/blog/digitizing-a-patients-journey-across-disparate-systems/index.html]
[www.instahealthsolutions.com/blog/universal-health-coverage-for-every-citizen-in-india-is-the-need-of-the-hour/index.html]
[www.instahealthsolutions.com/investors_boardmembers.html]
[www.instahealthsolutions.com/blog/page/3/index.html]
[www.instahealthsolutions.com/images/vision_img.png]
[www.instahealthsolutions.com/images/values_img.png]
[www.instahealthsolutions.com/aboutus.html]
[www.instahealthsolutions.com/faq.html]
[www.instahealthsolutions.com/contact_us.html]
[www.instahealthsolutions.com/international_clients.html]
[www.instahealthsolutions.com/POST]
[connect.facebook.net/en_US/fbevents.js]
[www.instahealthsolutions.com/fonts/glyphicons-halflings-regular.svg]
[www.instahealthsolutions.com/fonts/fontawesome-webfont5b62.svg]
[www.instahealthsolutions.com/fonts/museo100-regular-webfont.svg]
[www.instahealthsolutions.com/fonts/museo300-regular-webfont.svg]
[www.instahealthsolutions.com/fonts/museo500-regular-webfont.svg]
[www.instahealthsolutions.com/fonts/museo700-regular_0-webfont.svg]
[www.instahealthsolutions.com/css/animate.css]
[www.instahealthsolutions.com/out-patient-flow.html]
[www.instahealthsolutions.com/out_patient_flow.html]
[www.instahealthsolutions.com/lab_radiology_services.html]
[www.instahealthsolutions.com/inpatient_flow.html]
[www.instahealthsolutions.com/stores.html]
[www.instahealthsolutions.com/insurance.html]
[www.instahealthsolutions.com/others.html]
[www.instahealthsolutions.com/international-features.html]
[www.instahealthsolutions.com/integration-interfaces.html]
[www.instahealthsolutions.com/indianmulti_clients.html]
[www.instahealthsolutions.com/internationalmulti_clients.html]
[www.instahealthsolutions.com/blog/xmlrpc.php]
[31yn48237s4i3n2d4u2bt0mr-wpengine.netdna-ssl.com/blog/wp-includes/css/dist/block-library/style.minc225.css]
[31yn48237s4i3n2d4u2bt0mr-wpengine.netdna-ssl.com/blog/wp-content/plugins/rotatingtweets/css/stylec225.css]
[31yn48237s4i3n2d4u2bt0mr-wpengine.netdna-ssl.com/blog/wp-content/plugins/fetch-tweets/template/plain/stylec225.css]
[31yn48237s4i3n2d4u2bt0mr-wpengine.netdna-ssl.com/blog/wp-content/themes/iginstahealth/fonts/museo100-regular-webfont.eot]
[31yn48237s4i3n2d4u2bt0mr-wpengine.netdna-ssl.com/blog/wp-content/themes/iginstahealth/fonts/museo100-regular-webfontd41d.eot]
[31yn48237s4i3n2d4u2bt0mr-wpengine.netdna-ssl.com/blog/wp-content/themes/iginstahealth/fonts/museo100-regular-webfont.woff2]
[31yn48237s4i3n2d4u2bt0mr-wpengine.netdna-ssl.com/blog/wp-content/themes/iginstahealth/fonts/museo100-regular-webfont.woff]
[31yn48237s4i3n2d4u2bt0mr-wpengine.netdna-ssl.com/blog/wp-content/themes/iginstahealth/fonts/museo100-regular-webfont.ttf]
[31yn48237s4i3n2d4u2bt0mr-wpengine.netdna-ssl.com/blog/wp-content/themes/iginstahealth/fonts/museo100-regular-webfont.svg]
[31yn48237s4i3n2d4u2bt0mr-wpengine.netdna-ssl.com/blog/wp-content/themes/iginstahealth/fonts/museo300-regular-webfont.eot]
[31yn48237s4i3n2d4u2bt0mr-wpengine.netdna-ssl.com/blog/wp-content/themes/iginstahealth/fonts/museo300-regular-webfontd41d.eot]
[31yn48237s4i3n2d4u2bt0mr-wpengine.netdna-ssl.com/blog/wp-content/themes/iginstahealth/fonts/museo300-regular-webfont.woff2]
[31yn48237s4i3n2d4u2bt0mr-wpengine.netdna-ssl.com/blog/wp-content/themes/iginstahealth/fonts/museo300-regular-webfont.woff]
[31yn48237s4i3n2d4u2bt0mr-wpengine.netdna-ssl.com/blog/wp-content/themes/iginstahealth/fonts/museo300-regular-webfont.ttf]
[31yn48237s4i3n2d4u2bt0mr-wpengine.netdna-ssl.com/blog/wp-content/themes/iginstahealth/fonts/museo300-regular-webfont.svg]
[31yn48237s4i3n2d4u2bt0mr-wpengine.netdna-ssl.com/blog/wp-content/themes/iginstahealth/fonts/museo500-regular-webfont.eot]
[31yn48237s4i3n2d4u2bt0mr-wpengine.netdna-ssl.com/blog/wp-content/themes/iginstahealth/fonts/museo500-regular-webfontd41d.eot]
[31yn48237s4i3n2d4u2bt0mr-wpengine.netdna-ssl.com/blog/wp-content/themes/iginstahealth/fonts/museo500-regular-webfont.woff2]
[31yn48237s4i3n2d4u2bt0mr-wpengine.netdna-ssl.com/blog/wp-content/themes/iginstahealth/fonts/museo500-regular-webfont.woff]
[31yn48237s4i3n2d4u2bt0mr-wpengine.netdna-ssl.com/blog/wp-content/themes/iginstahealth/fonts/museo500-regular-webfont.ttf]
[31yn48237s4i3n2d4u2bt0mr-wpengine.netdna-ssl.com/blog/wp-content/themes/iginstahealth/fonts/museo500-regular-webfont.svg]
[31yn48237s4i3n2d4u2bt0mr-wpengine.netdna-ssl.com/blog/wp-content/themes/iginstahealth/fonts/museo700-regular_0-webfont.eot]
[31yn48237s4i3n2d4u2bt0mr-wpengine.netdna-ssl.com/blog/wp-content/themes/iginstahealth/fonts/museo700-regular_0-webfontd41d.eot]
[31yn48237s4i3n2d4u2bt0mr-wpengine.netdna-ssl.com/blog/wp-content/themes/iginstahealth/fonts/museo700-regular_0-webfont.woff2]
[31yn48237s4i3n2d4u2bt0mr-wpengine.netdna-ssl.com/blog/wp-content/themes/iginstahealth/fonts/museo700-regular_0-webfont.woff]
[31yn48237s4i3n2d4u2bt0mr-wpengine.netdna-ssl.com/blog/wp-content/themes/iginstahealth/fonts/museo700-regular_0-webfont.ttf]
[31yn48237s4i3n2d4u2bt0mr-wpengine.netdna-ssl.com/blog/wp-content/themes/iginstahealth/fonts/museo700-regular_0-webfont.svg]
[31yn48237s4i3n2d4u2bt0mr-wpengine.netdna-ssl.com/blog/wp-content/themes/iginstahealth/images/angle-down.jpg]
[31yn48237s4i3n2d4u2bt0mr-wpengine.netdna-ssl.com/blog/wp-content/themes/iginstahealth/images/outpatient_bg.jpg]
[31yn48237s4i3n2d4u2bt0mr-wpengine.netdna-ssl.com/blog/wp-content/themes/iginstahealth/stylec225.css]
[31yn48237s4i3n2d4u2bt0mr-wpengine.netdna-ssl.com/blog/wp-content/themes/iginstahealth/inc/fontawesome/css/font-awesome474a.css]
[31yn48237s4i3n2d4u2bt0mr-wpengine.netdna-ssl.com/blog/wp-content/plugins/easy-custom-auto-excerpt/assets/style-frontend367a.css]
[31yn48237s4i3n2d4u2bt0mr-wpengine.netdna-ssl.com/blog/wp-content/plugins/easy-custom-auto-excerpt/buttons/ecae-buttonskin-none367a.css]
[31yn48237s4i3n2d4u2bt0mr-wpengine.netdna-ssl.com/blog/wp-content/plugins/flare/images/sprite-social-icons-1.2.4.png]
[31yn48237s4i3n2d4u2bt0mr-wpengine.netdna-ssl.com/blog/wp-content/plugins/flare/images/sprite-social-icons-horizontal-1.2.4.png]
[31yn48237s4i3n2d4u2bt0mr-wpengine.netdna-ssl.com/blog/wp-content/plugins/flare/images/flyout-arrow-left.png]
[31yn48237s4i3n2d4u2bt0mr-wpengine.netdna-ssl.com/blog/wp-content/plugins/flare/images/flyout-arrow-right.png]
[31yn48237s4i3n2d4u2bt0mr-wpengine.netdna-ssl.com/blog/wp-content/plugins/flare/images/flyout-arrow-horizontal.png]
[31yn48237s4i3n2d4u2bt0mr-wpengine.netdna-ssl.com/blog/wp-content/plugins/flare/images/sprite-follow-icons-1.2.4.png]
[31yn48237s4i3n2d4u2bt0mr-wpengine.netdna-ssl.com/blog/wp-content/plugins/flare/images/loading.gif]
[31yn48237s4i3n2d4u2bt0mr-wpengine.netdna-ssl.com/blog/wp-content/plugins/flare/css/flare4281.css]
[www.instahealthsolutions.com/blog/category/healthcare-it-posts/index.html]
[www.instahealthsolutions.com/blog/category/healthcare-it-posts/feed/index.html]
[www.instahealthsolutions.com/blog/category/healthcare-it-posts/page/2/index.html]
[www.instahealthsolutions.com/blog/category/healthcare-it-posts/page/3/index.html]
[www.instahealthsolutions.com/blog/category/philippines-his/feed/index.html]
[www.instahealthsolutions.com/blog/category/philippines-his/_http_/twitter.com/share]
[www.instahealthsolutions.com/blog/category/philippines-his/_/www.facebook.com/plugins/likef119.php]
[www.instahealthsolutions.com/blog/category/philippines-his/index.html]
[www.instahealthsolutions.com/blog/tag/hms/index.html]
[www.instahealthsolutions.com/blog/tag/emr/index.html]
[31yn48237s4i3n2d4u2bt0mr-wpengine.netdna-ssl.com/blog/wp-content/plugins/flare/js/flare.dev4281.js]
[www.instahealthsolutions.com/blog/tag/hms/feed/index.html]
[www.instahealthsolutions.com/blog/why-you-must-introduce-your-medical-practitioner-to-e-prescribing/index.html]
[www.instahealthsolutions.com/blog/the-insta-hms-single-screen-philosophy-a-core-principle-that-has-fuelled-wide-spread-emr-adoption/index.html]
[www.instahealthsolutions.com/blog/tag/e-prescribing/feed/index.html]
[www.instahealthsolutions.com/blog/tag/e-prescribing/_http_/twitter.com/share]
[www.instahealthsolutions.com/blog/tag/emr/feed/index.html]
[www.instahealthsolutions.com/blog/tag/e-prescribing/_/www.facebook.com/plugins/like2b73.php]
[www.instahealthsolutions.com/blog/tag/e-prescribing/index.html]
[www.instahealthsolutions.com/blog/tag/adrs/feed/index.html]
[www.instahealthsolutions.com/blog/tag/adrs/_http_/twitter.com/share]
[www.instahealthsolutions.com/blog/tag/adrs/_/www.facebook.com/plugins/like2b73.php]
[www.instahealthsolutions.com/blog/tag/adrs/index.html]
[www.instahealthsolutions.com/blog/tag/agile-software-development/feed/index.html]
[www.instahealthsolutions.com/blog/whats-in-it-for-me-as-a-customer-in-the-agile-software-methodology/index.html]
[www.instahealthsolutions.com/blog/tag/agile-software-development/_http_/twitter.com/share]
[www.instahealthsolutions.com/blog/tag/agile-software-development/_/www.facebook.com/plugins/likec9bb.php]
[www.instahealthsolutions.com/blog/tag/agile-software-development/index.html]
[www.instahealthsolutions.com/blog/tag/appointments/feed/index.html]
[www.instahealthsolutions.com/blog/tag/appointments/_http_/twitter.com/share]
[www.instahealthsolutions.com/blog/tag/appointments/_/www.facebook.com/plugins/likeb833.php]
[www.instahealthsolutions.com/blog/tag/appointments/index.html]
[www.instahealthsolutions.com/blog/tag/doctors/feed/index.html]
[www.instahealthsolutions.com/blog/tag/doctors/_http_/twitter.com/share]
[www.instahealthsolutions.com/blog/tag/doctors/_/www.facebook.com/plugins/likeb833.php]
[www.instahealthsolutions.com/blog/tag/doctors/index.html]
[www.instahealthsolutions.com/blog/tag/hospitals/feed/index.html]
[www.instahealthsolutions.com/blog/tag/hospitals/_http_/twitter.com/share]
[www.instahealthsolutions.com/blog/tag/hospitals/_/www.facebook.com/plugins/likeb833.php]
[www.instahealthsolutions.com/blog/tag/hospitals/index.html]
[www.instahealthsolutions.com/blog/tag/ui/feed/index.html]
[www.instahealthsolutions.com/blog/tag/ui/_http_/twitter.com/share]
[www.instahealthsolutions.com/blog/tag/ui/_/www.facebook.com/plugins/like44a1.php]
[www.instahealthsolutions.com/blog/tag/ui/index.html]
[www.instahealthsolutions.com/blog/tag/ux/feed/index.html]
[www.instahealthsolutions.com/blog/tag/ux/_http_/twitter.com/share]
[www.instahealthsolutions.com/blog/tag/ux/_/www.facebook.com/plugins/like44a1.php]
[www.instahealthsolutions.com/blog/tag/ux/index.html]
[www.instahealthsolutions.com/blog/tag/insurance/feed/index.html]
[www.instahealthsolutions.com/blog/tag/insurance/_http_/twitter.com/share]
[www.instahealthsolutions.com/blog/tag/insurance/_/www.facebook.com/plugins/like5bb6.php]
[www.instahealthsolutions.com/blog/tag/insurance/index.html]
[www.instahealthsolutions.com/blog/tag/health-insurance/feed/index.html]
[www.instahealthsolutions.com/blog/tag/health-insurance/_http_/twitter.com/share]
[www.instahealthsolutions.com/blog/tag/health-insurance/_/www.facebook.com/plugins/like5bb6.php]
[www.instahealthsolutions.com/blog/tag/health-insurance/index.html]
[www.instahealthsolutions.com/blog/tag/providers/feed/index.html]
[www.instahealthsolutions.com/blog/tag/providers/_http_/twitter.com/share]
[www.instahealthsolutions.com/blog/tag/providers/_/www.facebook.com/plugins/like5bb6.php]
[www.instahealthsolutions.com/blog/tag/providers/index.html]
[www.instahealthsolutions.com/blog/tag/payers/feed/index.html]
[www.instahealthsolutions.com/blog/tag/payers/_http_/twitter.com/share]
[www.instahealthsolutions.com/blog/tag/payers/_/www.facebook.com/plugins/like5bb6.php]
[www.instahealthsolutions.com/blog/tag/payers/index.html]
[www.instahealthsolutions.com/blog/2017/08/_http_/twitter.com/share]
[www.instahealthsolutions.com/blog/2017/08/_/www.facebook.com/plugins/likef119.php]
[www.instahealthsolutions.com/blog/2017/08/index.html]
[www.instahealthsolutions.com/blog/2015/12/_http_/twitter.com/share]
[www.instahealthsolutions.com/blog/2015/12/_/www.facebook.com/plugins/like5bb6.php]
[www.instahealthsolutions.com/blog/2015/12/index.html]
[www.instahealthsolutions.com/blog/2015/10/index.html]
[www.instahealthsolutions.com/blog/2015/06/index.html]
[www.instahealthsolutions.com/blog/2015/04/_http_/twitter.com/share]
[www.instahealthsolutions.com/blog/2015/04/_/www.facebook.com/plugins/like9bb3.php]
[www.instahealthsolutions.com/blog/2015/04/index.html]
[www.instahealthsolutions.com/blog/2015/02/_http_/twitter.com/share]
[www.instahealthsolutions.com/blog/2015/02/_/www.facebook.com/plugins/like6a20.php]
[www.instahealthsolutions.com/blog/2015/02/index.html]
[www.instahealthsolutions.com/blog/2015/01/_http_/twitter.com/share]
[www.instahealthsolutions.com/blog/2015/01/_/www.facebook.com/plugins/like8055.php]
[www.instahealthsolutions.com/blog/2015/01/index.html]
[www.instahealthsolutions.com/blog/2014/12/_http_/twitter.com/share]
[www.instahealthsolutions.com/blog/2014/12/_/www.facebook.com/plugins/likee9c4.php]
[www.instahealthsolutions.com/blog/2014/12/index.html]
[www.instahealthsolutions.com/blog/2014/11/index.html]
[www.instahealthsolutions.com/blog/2014/09/index.html]
[www.instahealthsolutions.com/blog/top-reasons-to-consider-upgrading-your-hmsemr/index.html]
[www.instahealthsolutions.com/blog/hospital-management-software-hms-the-erp-for-healthcare-providers/index.html]
[www.instahealthsolutions.com/blog/2014/07/_http_/twitter.com/share]
[www.instahealthsolutions.com/blog/2014/07/_/www.facebook.com/plugins/like4e57.php]
[www.instahealthsolutions.com/blog/2014/07/index.html]
[www.instahealthsolutions.com/blog/top-reasons-for-health-it-implementation-failures/index.html]
[www.instahealthsolutions.com/blog/2014/05/_http_/twitter.com/share]
[www.instahealthsolutions.com/blog/2014/05/_/www.facebook.com/plugins/like31e9.php]
[www.instahealthsolutions.com/blog/2014/05/index.html]
[www.instahealthsolutions.com/blog/wp-json/oembed/1.0/embeda37c.json]
[www.instahealthsolutions.com/blog/philippines-govts-cloud-first-policy-what-does-it-mean-for-healthcare-providers/feed/index.html]
[www.instahealthsolutions.com/blog/wp-json/oembed/1.0/embed4fd7]
[www.instahealthsolutions.com/blog/philippines-govts-cloud-first-policy-what-does-it-mean-for-healthcare-providers/_https_/twitter.com/share]
[www.instahealthsolutions.com/blog/philippines-govts-cloud-first-policy-what-does-it-mean-for-healthcare-providers/_/www.facebook.com/plugins/like0089.php]
[www.instahealthsolutions.com/blog/philippines-govts-cloud-first-policy-what-does-it-mean-for-healthcare-providers/_http_/twitter.com/share]
[www.instahealthsolutions.com/blog/philippines-govts-cloud-first-policy-what-does-it-mean-for-healthcare-providers/_/www.facebook.com/plugins/likef119.php]
[www.instahealthsolutions.com/blog/philippines-govts-cloud-first-policy-what-does-it-mean-for-healthcare-providers/index.html]
[www.instahealthsolutions.com/blog/author/admin/index.html]
[31yn48237s4i3n2d4u2bt0mr-wpengine.netdna-ssl.com/blog/wp-includes/js/comment-reply.minc225.js]
[www.instahealthsolutions.com/blog/author/admin/feed/index.html]
[www.instahealthsolutions.com/blog/wp-json/oembed/1.0/embed6c86.json]
[www.instahealthsolutions.com/blog/author/admin/page/2/index.html]
[www.instahealthsolutions.com/blog/author/admin/page/3/index.html]
[www.instahealthsolutions.com/blog/do-reimbursement-schemes-succeed-in-incentivizing-hospitals-to-provide-better-quality-care/feed/index.html]
[www.instahealthsolutions.com/blog/wp-json/oembed/1.0/embed4833]
[www.instahealthsolutions.com/blog/do-reimbursement-schemes-succeed-in-incentivizing-hospitals-to-provide-better-quality-care/_https_/twitter.com/share]
[www.instahealthsolutions.com/blog/do-reimbursement-schemes-succeed-in-incentivizing-hospitals-to-provide-better-quality-care/_/www.facebook.com/plugins/like476a.php]
[www.instahealthsolutions.com/blog/do-reimbursement-schemes-succeed-in-incentivizing-hospitals-to-provide-better-quality-care/_http_/twitter.com/share]
[www.instahealthsolutions.com/blog/do-reimbursement-schemes-succeed-in-incentivizing-hospitals-to-provide-better-quality-care/_/www.facebook.com/plugins/like5bb6.php]
[www.instahealthsolutions.com/blog/do-reimbursement-schemes-succeed-in-incentivizing-hospitals-to-provide-better-quality-care/index.html]
[www.instahealthsolutions.com/blog/wp-json/oembed/1.0/embed90b7.json]
[www.instahealthsolutions.com/blog/does-the-ui-or-ux-matter-more-for-an-hms/feed/index.html]
[www.instahealthsolutions.com/blog/wp-json/oembed/1.0/embed12db]
[www.instahealthsolutions.com/blog/does-the-ui-or-ux-matter-more-for-an-hms/_https_/twitter.com/share]
[www.instahealthsolutions.com/blog/does-the-ui-or-ux-matter-more-for-an-hms/_/www.facebook.com/plugins/like3b44.php]
[www.instahealthsolutions.com/blog/does-the-ui-or-ux-matter-more-for-an-hms/_http_/twitter.com/share]
[www.instahealthsolutions.com/blog/does-the-ui-or-ux-matter-more-for-an-hms/_/www.facebook.com/plugins/like44a1.php]
[www.instahealthsolutions.com/blog/does-the-ui-or-ux-matter-more-for-an-hms/index.html]
[www.instahealthsolutions.com/blog/wp-json/oembed/1.0/embedb9f7.json]
[www.instahealthsolutions.com/blog/a-look-at-sri-lankas-channelling-based-doctor-appointment-system/feed/index.html]
[www.instahealthsolutions.com/blog/wp-json/oembed/1.0/embed44d8]
[www.instahealthsolutions.com/blog/a-look-at-sri-lankas-channelling-based-doctor-appointment-system/_https_/twitter.com/share]
[www.instahealthsolutions.com/blog/a-look-at-sri-lankas-channelling-based-doctor-appointment-system/_/www.facebook.com/plugins/like71af.php]
[www.instahealthsolutions.com/blog/a-look-at-sri-lankas-channelling-based-doctor-appointment-system/_http_/twitter.com/share]
[www.instahealthsolutions.com/blog/a-look-at-sri-lankas-channelling-based-doctor-appointment-system/_/www.facebook.com/plugins/likeb833.php]
[www.instahealthsolutions.com/blog/a-look-at-sri-lankas-channelling-based-doctor-appointment-system/index.html]
[www.instahealthsolutions.com/blog/wp-json/oembed/1.0/embed8958.json]
[www.instahealthsolutions.com/blog/the-migration-from-the-locally-hosted-box-to-the-cloud-get-saasified/feed/index.html]
[www.instahealthsolutions.com/blog/wp-json/oembed/1.0/embed0107]
[www.instahealthsolutions.com/blog/the-migration-from-the-locally-hosted-box-to-the-cloud-get-saasified/_https_/twitter.com/share]
[www.instahealthsolutions.com/blog/the-migration-from-the-locally-hosted-box-to-the-cloud-get-saasified/_/www.facebook.com/plugins/likee5cf.php]
[www.instahealthsolutions.com/blog/the-migration-from-the-locally-hosted-box-to-the-cloud-get-saasified/_http_/twitter.com/share]
[www.instahealthsolutions.com/blog/the-migration-from-the-locally-hosted-box-to-the-cloud-get-saasified/_/www.facebook.com/plugins/likee328.php]
[www.instahealthsolutions.com/blog/the-migration-from-the-locally-hosted-box-to-the-cloud-get-saasified/index.html]
[www.instahealthsolutions.com/blog/wp-json/oembed/1.0/embed973f.json]
[www.instahealthsolutions.com/blog/healthcare-providers-see-greater-value-in-mobility-for-the-hospital-information-systems/feed/index.html]
[www.instahealthsolutions.com/blog/wp-json/oembed/1.0/embed78eb]
[www.instahealthsolutions.com/blog/healthcare-providers-see-greater-value-in-mobility-for-the-hospital-information-systems/_https_/twitter.com/share]
[www.instahealthsolutions.com/blog/healthcare-providers-see-greater-value-in-mobility-for-the-hospital-information-systems/_/www.facebook.com/plugins/likeed6f.php]
[www.instahealthsolutions.com/blog/healthcare-providers-see-greater-value-in-mobility-for-the-hospital-information-systems/_http_/twitter.com/share]
[www.instahealthsolutions.com/blog/healthcare-providers-see-greater-value-in-mobility-for-the-hospital-information-systems/_/www.facebook.com/plugins/likeffe0.php]
[www.instahealthsolutions.com/blog/healthcare-providers-see-greater-value-in-mobility-for-the-hospital-information-systems/index.html]
[www.instahealthsolutions.com/blog/wp-json/oembed/1.0/embed3013.json]
[www.instahealthsolutions.com/blog/a-look-at-the-impact-of-an-efficient-hms-in-a-chaotic-er-room/feed/index.html]
[www.instahealthsolutions.com/blog/wp-json/oembed/1.0/embed873d]
[www.instahealthsolutions.com/blog/a-look-at-the-impact-of-an-efficient-hms-in-a-chaotic-er-room/_https_/twitter.com/share]
[www.instahealthsolutions.com/blog/a-look-at-the-impact-of-an-efficient-hms-in-a-chaotic-er-room/_/www.facebook.com/plugins/liked15d.php]
[www.instahealthsolutions.com/blog/a-look-at-the-impact-of-an-efficient-hms-in-a-chaotic-er-room/_http_/twitter.com/share]
[www.instahealthsolutions.com/blog/a-look-at-the-impact-of-an-efficient-hms-in-a-chaotic-er-room/_/www.facebook.com/plugins/like9bb3.php]
[www.instahealthsolutions.com/blog/a-look-at-the-impact-of-an-efficient-hms-in-a-chaotic-er-room/index.html]
[www.instahealthsolutions.com/blog/wp-json/oembed/1.0/embed859d.json]
[www.instahealthsolutions.com/blog/the-governments-health-insurance-cost-conundrum-a-look-at-various-models/feed/index.html]
[www.instahealthsolutions.com/blog/wp-json/oembed/1.0/embed5ffc]
[www.instahealthsolutions.com/blog/the-governments-health-insurance-cost-conundrum-a-look-at-various-models/_https_/twitter.com/share]
[www.instahealthsolutions.com/blog/the-governments-health-insurance-cost-conundrum-a-look-at-various-models/_/www.facebook.com/plugins/likeebee.php]
[www.instahealthsolutions.com/blog/the-governments-health-insurance-cost-conundrum-a-look-at-various-models/_http_/twitter.com/share]
[www.instahealthsolutions.com/blog/the-governments-health-insurance-cost-conundrum-a-look-at-various-models/_/www.facebook.com/plugins/like6a20.php]
[www.instahealthsolutions.com/blog/the-governments-health-insurance-cost-conundrum-a-look-at-various-models/index.html]
[www.instahealthsolutions.com/blog/wp-json/oembed/1.0/embed529e.json]
[www.instahealthsolutions.com/blog/digitizing-a-patients-journey-across-disparate-systems/feed/index.html]
[www.instahealthsolutions.com/blog/wp-json/oembed/1.0/embed1f19]
[www.instahealthsolutions.com/blog/digitizing-a-patients-journey-across-disparate-systems/_https_/twitter.com/share]
[www.instahealthsolutions.com/blog/digitizing-a-patients-journey-across-disparate-systems/_/www.facebook.com/plugins/like0e20.php]
[www.instahealthsolutions.com/blog/digitizing-a-patients-journey-across-disparate-systems/_http_/twitter.com/share]
[www.instahealthsolutions.com/blog/digitizing-a-patients-journey-across-disparate-systems/_/www.facebook.com/plugins/like8055.php]
[www.instahealthsolutions.com/blog/digitizing-a-patients-journey-across-disparate-systems/index.html]
[www.instahealthsolutions.com/blog/wp-json/oembed/1.0/embed60ff.json]
[www.instahealthsolutions.com/blog/universal-health-coverage-for-every-citizen-in-india-is-the-need-of-the-hour/feed/index.html]
[www.instahealthsolutions.com/blog/wp-json/oembed/1.0/embedb2c1]
[www.instahealthsolutions.com/blog/universal-health-coverage-for-every-citizen-in-india-is-the-need-of-the-hour/_https_/twitter.com/share]
[www.instahealthsolutions.com/blog/universal-health-coverage-for-every-citizen-in-india-is-the-need-of-the-hour/_/www.facebook.com/plugins/like2c25.php]
[www.instahealthsolutions.com/blog/universal-health-coverage-for-every-citizen-in-india-is-the-need-of-the-hour/_http_/twitter.com/share]
[www.instahealthsolutions.com/blog/universal-health-coverage-for-every-citizen-in-india-is-the-need-of-the-hour/_/www.facebook.com/plugins/likee9c4.php]
[www.instahealthsolutions.com/blog/universal-health-coverage-for-every-citizen-in-india-is-the-need-of-the-hour/index.html]
[www.instahealthsolutions.com/blog/page/2/index.html]
[www.instahealthsolutions.com/blog/payers-drive-the-healthcare-providers/index.html]
[www.instahealthsolutions.com/blog/page/3/index.html]
[www.instahealthsolutions.com/blog/the-it-adoption-strategy-that-healthcare-providers-need-to-adopt-to-stay-ahead-of-competition/index.html]
[www.instahealthsolutions.com/blog/defining-the-emr-and-the-benefits-of-implementing-an-effective-emr-solution-for-your-organizationpractice/index.html]
[www.instahealthsolutions.com/blog/reasons-to-consider-cloud-based-hospital-management-solutions/index.html]
[www.instahealthsolutions.com/blog/better-materials-management-achieved-with-the-effective-use-of-information-systems/index.html]
[www.instahealthsolutions.com/blog/how-to-select-the-right-emr-software-vendor-a-provider-perspective/index.html]
[www.instahealthsolutions.com/blog/single-specialty-multi-center-hospitals-and-clinics-an-emerging-healthcare-trend-in-india/index.html]
[www.instahealthsolutions.com/blog/the-healthcare-value-chain/index.html]
[www.instahealthsolutions.com/images/investors_img1.jpg]
[www.instahealthsolutions.com/images/investors_img2.jpg]
[www.instahealthsolutions.com/images/investors_img3.jpg]
[www.instahealthsolutions.com/images/investors_img4.jpg]
[www.instahealthsolutions.com/images/investors_img5.jpg]
[www.instahealthsolutions.com/images/investors_img6.jpg]
[www.instahealthsolutions.com/images/investors_img7.jpg]
[www.instahealthsolutions.com/images/investors_img8.jpg]
[www.instahealthsolutions.com/investors_boardmembers.html]
[www.instahealthsolutions.com/POST.html]
[www.instahealthsolutions.com/out-patient-flow.html]
[31yn48237s4i3n2d4u2bt0mr-wpengine.netdna-ssl.com/blog/wp-content/themes/iginstahealth/fonts/museo100-regular-webfont.svg]
[31yn48237s4i3n2d4u2bt0mr-wpengine.netdna-ssl.com/blog/wp-content/themes/iginstahealth/fonts/museo300-regular-webfont.svg]
[31yn48237s4i3n2d4u2bt0mr-wpengine.netdna-ssl.com/blog/wp-content/themes/iginstahealth/fonts/museo500-regular-webfont.svg]
[31yn48237s4i3n2d4u2bt0mr-wpengine.netdna-ssl.com/blog/wp-content/themes/iginstahealth/fonts/museo700-regular_0-webfont.svg]
[www.instahealthsolutions.com/blog/category/healthcare-it-posts/page/2/index.html]
[www.instahealthsolutions.com/blog/category/healthcare-it-posts/page/3/index.html]
[www.instahealthsolutions.com/blog/category/philippines-his/_http_/twitter.com/share.html]
[www.instahealthsolutions.com/blog/category/philippines-his/_/www.facebook.com/plugins/likef119.html]
[www.instahealthsolutions.com/blog/category/philippines-his/_/platform.linkedin.com/in.html]
[www.instahealthsolutions.com/blog/wp-admin/admin-ajaxb3c8.html]
[31yn48237s4i3n2d4u2bt0mr-wpengine.netdna-ssl.com/blog/wp-content/plugins/flare/images/loading-background.png]
[www.instahealthsolutions.com/blog/wp-json/oembed/1.0/embed5a15.json]
[www.instahealthsolutions.com/blog/why-you-must-introduce-your-medical-practitioner-to-e-prescribing/feed/index.html]
[www.instahealthsolutions.com/blog/wp-json/oembed/1.0/embed2d71]
[www.instahealthsolutions.com/blog/why-you-must-introduce-your-medical-practitioner-to-e-prescribing/_https_/twitter.com/share]
[www.instahealthsolutions.com/blog/why-you-must-introduce-your-medical-practitioner-to-e-prescribing/_/www.facebook.com/plugins/likec28c.php]
[www.instahealthsolutions.com/blog/why-you-must-introduce-your-medical-practitioner-to-e-prescribing/_http_/twitter.com/share]
[www.instahealthsolutions.com/blog/why-you-must-introduce-your-medical-practitioner-to-e-prescribing/_/www.facebook.com/plugins/like2b73.php]
[www.instahealthsolutions.com/blog/why-you-must-introduce-your-medical-practitioner-to-e-prescribing/index.html]
[www.instahealthsolutions.com/blog/wp-json/oembed/1.0/embedb60c.json]
[www.instahealthsolutions.com/blog/the-insta-hms-single-screen-philosophy-a-core-principle-that-has-fuelled-wide-spread-emr-adoption/feed/index.html]
[www.instahealthsolutions.com/blog/wp-json/oembed/1.0/embedd8d3]
[www.instahealthsolutions.com/blog/the-insta-hms-single-screen-philosophy-a-core-principle-that-has-fuelled-wide-spread-emr-adoption/_https_/twitter.com/share]
[www.instahealthsolutions.com/blog/the-insta-hms-single-screen-philosophy-a-core-principle-that-has-fuelled-wide-spread-emr-adoption/_/www.facebook.com/plugins/like614f.php]
[www.instahealthsolutions.com/blog/the-insta-hms-single-screen-philosophy-a-core-principle-that-has-fuelled-wide-spread-emr-adoption/_http_/twitter.com/share]
[www.instahealthsolutions.com/blog/the-insta-hms-single-screen-philosophy-a-core-principle-that-has-fuelled-wide-spread-emr-adoption/_/www.facebook.com/plugins/likeb219.php]
[www.instahealthsolutions.com/blog/the-insta-hms-single-screen-philosophy-a-core-principle-that-has-fuelled-wide-spread-emr-adoption/index.html]
[www.instahealthsolutions.com/blog/tag/e-prescribing/_http_/twitter.com/share.html]
[www.instahealthsolutions.com/blog/tag/e-prescribing/_/www.facebook.com/plugins/like2b73.html]
[www.instahealthsolutions.com/blog/tag/e-prescribing/_/platform.linkedin.com/in.html]
[www.instahealthsolutions.com/blog/wp-admin/admin-ajaxcbab.html]
[www.instahealthsolutions.com/blog/tag/adrs/_http_/twitter.com/share.html]
[www.instahealthsolutions.com/blog/tag/adrs/_/www.facebook.com/plugins/like2b73.html]
[www.instahealthsolutions.com/blog/tag/adrs/_/platform.linkedin.com/in.html]
[www.instahealthsolutions.com/blog/wp-json/oembed/1.0/embed71a0.json]
[www.instahealthsolutions.com/blog/whats-in-it-for-me-as-a-customer-in-the-agile-software-methodology/feed/index.html]
[www.instahealthsolutions.com/blog/wp-json/oembed/1.0/embed139b]
[www.instahealthsolutions.com/blog/whats-in-it-for-me-as-a-customer-in-the-agile-software-methodology/_https_/twitter.com/share]
[www.instahealthsolutions.com/blog/whats-in-it-for-me-as-a-customer-in-the-agile-software-methodology/_/www.facebook.com/plugins/like4765.php]
[www.instahealthsolutions.com/blog/whats-in-it-for-me-as-a-customer-in-the-agile-software-methodology/_http_/twitter.com/share]
[www.instahealthsolutions.com/blog/whats-in-it-for-me-as-a-customer-in-the-agile-software-methodology/_/www.facebook.com/plugins/likec9bb.php]
[www.instahealthsolutions.com/blog/whats-in-it-for-me-as-a-customer-in-the-agile-software-methodology/index.html]
[www.instahealthsolutions.com/blog/tag/agile-software-development/_http_/twitter.com/share.html]
[www.instahealthsolutions.com/blog/tag/agile-software-development/_/www.facebook.com/plugins/likec9bb.html]
[www.instahealthsolutions.com/blog/tag/agile-software-development/_/platform.linkedin.com/in.html]
[www.instahealthsolutions.com/blog/wp-admin/admin-ajax3ce2.html]
[www.instahealthsolutions.com/blog/tag/appointments/_http_/twitter.com/share.html]
[www.instahealthsolutions.com/blog/tag/appointments/_/www.facebook.com/plugins/likeb833.html]
[www.instahealthsolutions.com/blog/tag/appointments/_/platform.linkedin.com/in.html]
[www.instahealthsolutions.com/blog/wp-admin/admin-ajaxaeec.html]
[www.instahealthsolutions.com/blog/tag/doctors/_http_/twitter.com/share.html]
[www.instahealthsolutions.com/blog/tag/doctors/_/www.facebook.com/plugins/likeb833.html]
[www.instahealthsolutions.com/blog/tag/doctors/_/platform.linkedin.com/in.html]
[www.instahealthsolutions.com/blog/tag/hospitals/_http_/twitter.com/share.html]
[www.instahealthsolutions.com/blog/tag/hospitals/_/www.facebook.com/plugins/likeb833.html]
[www.instahealthsolutions.com/blog/tag/hospitals/_/platform.linkedin.com/in.html]
[www.instahealthsolutions.com/blog/tag/ui/_http_/twitter.com/share.html]
[www.instahealthsolutions.com/blog/tag/ui/_/www.facebook.com/plugins/like44a1.html]
[www.instahealthsolutions.com/blog/tag/ui/_/platform.linkedin.com/in.html]
[www.instahealthsolutions.com/blog/wp-admin/admin-ajaxf451.html]
[www.instahealthsolutions.com/blog/tag/ux/_http_/twitter.com/share.html]
[www.instahealthsolutions.com/blog/tag/ux/_/www.facebook.com/plugins/like44a1.html]
[www.instahealthsolutions.com/blog/tag/ux/_/platform.linkedin.com/in.html]
[www.instahealthsolutions.com/blog/tag/insurance/_http_/twitter.com/share.html]
[www.instahealthsolutions.com/blog/tag/insurance/_/www.facebook.com/plugins/like5bb6.html]
[www.instahealthsolutions.com/blog/tag/insurance/_/platform.linkedin.com/in.html]
[www.instahealthsolutions.com/blog/wp-admin/admin-ajax7f48.html]
[www.instahealthsolutions.com/blog/tag/health-insurance/_http_/twitter.com/share.html]
[www.instahealthsolutions.com/blog/tag/health-insurance/_/www.facebook.com/plugins/like5bb6.html]
[www.instahealthsolutions.com/blog/tag/health-insurance/_/platform.linkedin.com/in.html]
[www.instahealthsolutions.com/blog/tag/providers/_http_/twitter.com/share.html]
[www.instahealthsolutions.com/blog/tag/providers/_/www.facebook.com/plugins/like5bb6.html]
[www.instahealthsolutions.com/blog/tag/providers/_/platform.linkedin.com/in.html]
[www.instahealthsolutions.com/blog/tag/payers/_http_/twitter.com/share.html]
[www.instahealthsolutions.com/blog/tag/payers/_/www.facebook.com/plugins/like5bb6.html]
[www.instahealthsolutions.com/blog/tag/payers/_/platform.linkedin.com/in.html]
[www.instahealthsolutions.com/blog/2017/08/_http_/twitter.com/share.html]
[www.instahealthsolutions.com/blog/2017/08/_/www.facebook.com/plugins/likef119.html]
[www.instahealthsolutions.com/blog/2017/08/_/platform.linkedin.com/in.html]
[www.instahealthsolutions.com/blog/2015/12/_http_/twitter.com/share.html]
[www.instahealthsolutions.com/blog/2015/12/_/www.facebook.com/plugins/like5bb6.html]
[www.instahealthsolutions.com/blog/2015/12/_/platform.linkedin.com/in.html]
[www.instahealthsolutions.com/blog/2015/04/_http_/twitter.com/share.html]
[www.instahealthsolutions.com/blog/2015/04/_/www.facebook.com/plugins/like9bb3.html]
[www.instahealthsolutions.com/blog/2015/04/_/platform.linkedin.com/in.html]
[www.instahealthsolutions.com/blog/wp-admin/admin-ajax96c5.html]
[www.instahealthsolutions.com/blog/2015/02/_http_/twitter.com/share.html]
[www.instahealthsolutions.com/blog/2015/02/_/www.facebook.com/plugins/like6a20.html]
[www.instahealthsolutions.com/blog/2015/02/_/platform.linkedin.com/in.html]
[www.instahealthsolutions.com/blog/wp-admin/admin-ajax34c2.html]
[www.instahealthsolutions.com/blog/2015/01/_http_/twitter.com/share.html]
[www.instahealthsolutions.com/blog/2015/01/_/www.facebook.com/plugins/like8055.html]
[www.instahealthsolutions.com/blog/2015/01/_/platform.linkedin.com/in.html]
[www.instahealthsolutions.com/blog/wp-admin/admin-ajaxdaca.html]
[www.instahealthsolutions.com/blog/2014/12/_http_/twitter.com/share.html]
[www.instahealthsolutions.com/blog/2014/12/_/www.facebook.com/plugins/likee9c4.html]
[www.instahealthsolutions.com/blog/2014/12/_/platform.linkedin.com/in.html]
[www.instahealthsolutions.com/blog/wp-admin/admin-ajaxe7bd.html]
[www.instahealthsolutions.com/blog/wp-json/oembed/1.0/embedf58e.json]
[www.instahealthsolutions.com/blog/top-reasons-to-consider-upgrading-your-hmsemr/feed/index.html]
[www.instahealthsolutions.com/blog/wp-json/oembed/1.0/embed8422]
[www.instahealthsolutions.com/blog/top-reasons-to-consider-upgrading-your-hmsemr/_https_/twitter.com/share]
[www.instahealthsolutions.com/blog/top-reasons-to-consider-upgrading-your-hmsemr/_/www.facebook.com/plugins/likee353.php]
[www.instahealthsolutions.com/blog/top-reasons-to-consider-upgrading-your-hmsemr/_http_/twitter.com/share]
[www.instahealthsolutions.com/blog/top-reasons-to-consider-upgrading-your-hmsemr/_/www.facebook.com/plugins/like3d5a.php]
[www.instahealthsolutions.com/blog/top-reasons-to-consider-upgrading-your-hmsemr/index.html]
[www.instahealthsolutions.com/blog/wp-json/oembed/1.0/embed5421.json]
[www.instahealthsolutions.com/blog/hospital-management-software-hms-the-erp-for-healthcare-providers/feed/index.html]
[www.instahealthsolutions.com/blog/wp-json/oembed/1.0/embed0187]
[www.instahealthsolutions.com/blog/hospital-management-software-hms-the-erp-for-healthcare-providers/_https_/twitter.com/share]
[www.instahealthsolutions.com/blog/hospital-management-software-hms-the-erp-for-healthcare-providers/_/www.facebook.com/plugins/like36be.php]
[www.instahealthsolutions.com/blog/hospital-management-software-hms-the-erp-for-healthcare-providers/_http_/twitter.com/share]
[www.instahealthsolutions.com/blog/hospital-management-software-hms-the-erp-for-healthcare-providers/_/www.facebook.com/plugins/like4e57.php]
[www.instahealthsolutions.com/blog/hospital-management-software-hms-the-erp-for-healthcare-providers/index.html]
[www.instahealthsolutions.com/blog/2014/07/_http_/twitter.com/share.html]
[www.instahealthsolutions.com/blog/2014/07/_/www.facebook.com/plugins/like4e57.html]
[www.instahealthsolutions.com/blog/2014/07/_/platform.linkedin.com/in.html]
[www.instahealthsolutions.com/blog/wp-admin/admin-ajax9795.html]
[www.instahealthsolutions.com/blog/wp-json/oembed/1.0/embedea4c.json]
[www.instahealthsolutions.com/blog/top-reasons-for-health-it-implementation-failures/feed/index.html]
[www.instahealthsolutions.com/blog/wp-json/oembed/1.0/embedd716]
[www.instahealthsolutions.com/blog/top-reasons-for-health-it-implementation-failures/_https_/twitter.com/share]
[www.instahealthsolutions.com/blog/top-reasons-for-health-it-implementation-failures/_/www.facebook.com/plugins/like61fe.php]
[www.instahealthsolutions.com/blog/top-reasons-for-health-it-implementation-failures/_http_/twitter.com/share]
[www.instahealthsolutions.com/blog/top-reasons-for-health-it-implementation-failures/_/www.facebook.com/plugins/like31e9.php]
[www.instahealthsolutions.com/blog/top-reasons-for-health-it-implementation-failures/index.html]
[www.instahealthsolutions.com/blog/2014/05/_http_/twitter.com/share.html]
[www.instahealthsolutions.com/blog/2014/05/_/www.facebook.com/plugins/like31e9.html]
[www.instahealthsolutions.com/blog/2014/05/_/platform.linkedin.com/in.html]
[www.instahealthsolutions.com/blog/wp-admin/admin-ajax8a54.html]
[www.instahealthsolutions.com/blog/index52e8.html]
[www.instahealthsolutions.com/blog/philippines-govts-cloud-first-policy-what-does-it-mean-for-healthcare-providers/_https_/twitter.com/share.html]
[www.instahealthsolutions.com/blog/philippines-govts-cloud-first-policy-what-does-it-mean-for-healthcare-providers/_/www.facebook.com/plugins/like0089.html]
[www.instahealthsolutions.com/blog/philippines-govts-cloud-first-policy-what-does-it-mean-for-healthcare-providers/_/platform.linkedin.com/in.html]
[www.instahealthsolutions.com/blog/philippines-govts-cloud-first-policy-what-does-it-mean-for-healthcare-providers/_http_/twitter.com/share.html]
[www.instahealthsolutions.com/blog/philippines-govts-cloud-first-policy-what-does-it-mean-for-healthcare-providers/_/www.facebook.com/plugins/likef119.html]
[www.instahealthsolutions.com/blog/author/admin/page/2/index.html]
[www.instahealthsolutions.com/blog/author/admin/page/3/index.html]
[www.instahealthsolutions.com/blog/indexc544.html]
[www.instahealthsolutions.com/blog/do-reimbursement-schemes-succeed-in-incentivizing-hospitals-to-provide-better-quality-care/_https_/twitter.com/share.html]
[www.instahealthsolutions.com/blog/do-reimbursement-schemes-succeed-in-incentivizing-hospitals-to-provide-better-quality-care/_/www.facebook.com/plugins/like476a.html]
[www.instahealthsolutions.com/blog/do-reimbursement-schemes-succeed-in-incentivizing-hospitals-to-provide-better-quality-care/_/platform.linkedin.com/in.html]
[www.instahealthsolutions.com/blog/do-reimbursement-schemes-succeed-in-incentivizing-hospitals-to-provide-better-quality-care/_http_/twitter.com/share.html]
[www.instahealthsolutions.com/blog/do-reimbursement-schemes-succeed-in-incentivizing-hospitals-to-provide-better-quality-care/_/www.facebook.com/plugins/like5bb6.html]
[www.instahealthsolutions.com/blog/index5ed0.html]
[www.instahealthsolutions.com/blog/does-the-ui-or-ux-matter-more-for-an-hms/_https_/twitter.com/share.html]
[www.instahealthsolutions.com/blog/does-the-ui-or-ux-matter-more-for-an-hms/_/www.facebook.com/plugins/like3b44.html]
[www.instahealthsolutions.com/blog/does-the-ui-or-ux-matter-more-for-an-hms/_/platform.linkedin.com/in.html]
[www.instahealthsolutions.com/blog/does-the-ui-or-ux-matter-more-for-an-hms/_http_/twitter.com/share.html]
[www.instahealthsolutions.com/blog/does-the-ui-or-ux-matter-more-for-an-hms/_/www.facebook.com/plugins/like44a1.html]
[www.instahealthsolutions.com/blog/index1a93.html]
[www.instahealthsolutions.com/blog/a-look-at-sri-lankas-channelling-based-doctor-appointment-system/_https_/twitter.com/share.html]
[www.instahealthsolutions.com/blog/a-look-at-sri-lankas-channelling-based-doctor-appointment-system/_/www.facebook.com/plugins/like71af.html]
[www.instahealthsolutions.com/blog/a-look-at-sri-lankas-channelling-based-doctor-appointment-system/_/platform.linkedin.com/in.html]
[www.instahealthsolutions.com/blog/a-look-at-sri-lankas-channelling-based-doctor-appointment-system/_http_/twitter.com/share.html]
[www.instahealthsolutions.com/blog/a-look-at-sri-lankas-channelling-based-doctor-appointment-system/_/www.facebook.com/plugins/likeb833.html]
[www.instahealthsolutions.com/blog/indexc140.html]
[www.instahealthsolutions.com/blog/the-migration-from-the-locally-hosted-box-to-the-cloud-get-saasified/_https_/twitter.com/share.html]
[www.instahealthsolutions.com/blog/the-migration-from-the-locally-hosted-box-to-the-cloud-get-saasified/_/www.facebook.com/plugins/likee5cf.html]
[www.instahealthsolutions.com/blog/the-migration-from-the-locally-hosted-box-to-the-cloud-get-saasified/_/platform.linkedin.com/in.html]
[www.instahealthsolutions.com/blog/the-migration-from-the-locally-hosted-box-to-the-cloud-get-saasified/_http_/twitter.com/share.html]
[www.instahealthsolutions.com/blog/the-migration-from-the-locally-hosted-box-to-the-cloud-get-saasified/_/www.facebook.com/plugins/likee328.html]
[www.instahealthsolutions.com/blog/wp-admin/admin-ajaxc71e.html]
[www.instahealthsolutions.com/blog/index6452.html]
[www.instahealthsolutions.com/blog/healthcare-providers-see-greater-value-in-mobility-for-the-hospital-information-systems/_https_/twitter.com/share.html]
[www.instahealthsolutions.com/blog/healthcare-providers-see-greater-value-in-mobility-for-the-hospital-information-systems/_/www.facebook.com/plugins/likeed6f.html]
[www.instahealthsolutions.com/blog/healthcare-providers-see-greater-value-in-mobility-for-the-hospital-information-systems/_/platform.linkedin.com/in.html]
[www.instahealthsolutions.com/blog/healthcare-providers-see-greater-value-in-mobility-for-the-hospital-information-systems/_http_/twitter.com/share.html]
[www.instahealthsolutions.com/blog/healthcare-providers-see-greater-value-in-mobility-for-the-hospital-information-systems/_/www.facebook.com/plugins/likeffe0.html]
[www.instahealthsolutions.com/blog/wp-admin/admin-ajaxde01.html]
[www.instahealthsolutions.com/blog/indexd1c3.html]
[www.instahealthsolutions.com/blog/a-look-at-the-impact-of-an-efficient-hms-in-a-chaotic-er-room/_https_/twitter.com/share.html]
[www.instahealthsolutions.com/blog/a-look-at-the-impact-of-an-efficient-hms-in-a-chaotic-er-room/_/www.facebook.com/plugins/liked15d.html]
[www.instahealthsolutions.com/blog/a-look-at-the-impact-of-an-efficient-hms-in-a-chaotic-er-room/_/platform.linkedin.com/in.html]
[www.instahealthsolutions.com/blog/a-look-at-the-impact-of-an-efficient-hms-in-a-chaotic-er-room/_http_/twitter.com/share.html]
[www.instahealthsolutions.com/blog/a-look-at-the-impact-of-an-efficient-hms-in-a-chaotic-er-room/_/www.facebook.com/plugins/like9bb3.html]
[www.instahealthsolutions.com/blog/indexbbbf.html]
[www.instahealthsolutions.com/blog/the-governments-health-insurance-cost-conundrum-a-look-at-various-models/_https_/twitter.com/share.html]
[www.instahealthsolutions.com/blog/the-governments-health-insurance-cost-conundrum-a-look-at-various-models/_/www.facebook.com/plugins/likeebee.html]
[www.instahealthsolutions.com/blog/the-governments-health-insurance-cost-conundrum-a-look-at-various-models/_/platform.linkedin.com/in.html]
[www.instahealthsolutions.com/blog/the-governments-health-insurance-cost-conundrum-a-look-at-various-models/_http_/twitter.com/share.html]
[www.instahealthsolutions.com/blog/the-governments-health-insurance-cost-conundrum-a-look-at-various-models/_/www.facebook.com/plugins/like6a20.html]
[www.instahealthsolutions.com/blog/indexc885.html]
[www.instahealthsolutions.com/blog/digitizing-a-patients-journey-across-disparate-systems/_https_/twitter.com/share.html]
[www.instahealthsolutions.com/blog/digitizing-a-patients-journey-across-disparate-systems/_/www.facebook.com/plugins/like0e20.html]
[www.instahealthsolutions.com/blog/digitizing-a-patients-journey-across-disparate-systems/_/platform.linkedin.com/in.html]
[www.instahealthsolutions.com/blog/digitizing-a-patients-journey-across-disparate-systems/_http_/twitter.com/share.html]
[www.instahealthsolutions.com/blog/digitizing-a-patients-journey-across-disparate-systems/_/www.facebook.com/plugins/like8055.html]
[www.instahealthsolutions.com/blog/indexe8f5.html]
[www.instahealthsolutions.com/blog/universal-health-coverage-for-every-citizen-in-india-is-the-need-of-the-hour/_https_/twitter.com/share.html]
[www.instahealthsolutions.com/blog/universal-health-coverage-for-every-citizen-in-india-is-the-need-of-the-hour/_/www.facebook.com/plugins/like2c25.html]
[www.instahealthsolutions.com/blog/universal-health-coverage-for-every-citizen-in-india-is-the-need-of-the-hour/_/platform.linkedin.com/in.html]
[www.instahealthsolutions.com/blog/universal-health-coverage-for-every-citizen-in-india-is-the-need-of-the-hour/_http_/twitter.com/share.html]
[www.instahealthsolutions.com/blog/universal-health-coverage-for-every-citizen-in-india-is-the-need-of-the-hour/_/www.facebook.com/plugins/likee9c4.html]
[www.instahealthsolutions.com/blog/wp-json/oembed/1.0/embedd41e.json]
[www.instahealthsolutions.com/blog/payers-drive-the-healthcare-providers/feed/index.html]
[www.instahealthsolutions.com/blog/wp-json/oembed/1.0/embed3779]
[www.instahealthsolutions.com/blog/payers-drive-the-healthcare-providers/_https_/twitter.com/share]
[www.instahealthsolutions.com/blog/payers-drive-the-healthcare-providers/_/www.facebook.com/plugins/like5dae.php]
[www.instahealthsolutions.com/blog/payers-drive-the-healthcare-providers/_http_/twitter.com/share]
[www.instahealthsolutions.com/blog/payers-drive-the-healthcare-providers/_/www.facebook.com/plugins/likecbf4.php]
[www.instahealthsolutions.com/blog/payers-drive-the-healthcare-providers/index.html]
[www.instahealthsolutions.com/blog/wp-json/oembed/1.0/embede779.json]
[www.instahealthsolutions.com/blog/the-it-adoption-strategy-that-healthcare-providers-need-to-adopt-to-stay-ahead-of-competition/feed/index.html]
[www.instahealthsolutions.com/blog/wp-json/oembed/1.0/embed37aa]
[www.instahealthsolutions.com/blog/the-it-adoption-strategy-that-healthcare-providers-need-to-adopt-to-stay-ahead-of-competition/_https_/twitter.com/share]
[www.instahealthsolutions.com/blog/the-it-adoption-strategy-that-healthcare-providers-need-to-adopt-to-stay-ahead-of-competition/_/www.facebook.com/plugins/like1796.php]
[www.instahealthsolutions.com/Electronic-Medical-Records.html]
[www.instahealthsolutions.com/blog/the-it-adoption-strategy-that-healthcare-providers-need-to-adopt-to-stay-ahead-of-competition/_http_/twitter.com/share]
[www.instahealthsolutions.com/blog/the-it-adoption-strategy-that-healthcare-providers-need-to-adopt-to-stay-ahead-of-competition/_/www.facebook.com/plugins/like2bf5.php]
[www.instahealthsolutions.com/blog/the-it-adoption-strategy-that-healthcare-providers-need-to-adopt-to-stay-ahead-of-competition/index.html]
[www.instahealthsolutions.com/blog/wp-json/oembed/1.0/embedbaf7.json]
[www.instahealthsolutions.com/blog/defining-the-emr-and-the-benefits-of-implementing-an-effective-emr-solution-for-your-organizationpractice/feed/index.html]
[www.instahealthsolutions.com/blog/wp-json/oembed/1.0/embedea82]
[www.instahealthsolutions.com/blog/defining-the-emr-and-the-benefits-of-implementing-an-effective-emr-solution-for-your-organizationpractice/_https_/twitter.com/share]
[www.instahealthsolutions.com/blog/defining-the-emr-and-the-benefits-of-implementing-an-effective-emr-solution-for-your-organizationpractice/_/www.facebook.com/plugins/like6356.php]
[www.instahealthsolutions.com/blog/defining-the-emr-and-the-benefits-of-implementing-an-effective-emr-solution-for-your-organizationpractice/_http_/twitter.com/share]
[www.instahealthsolutions.com/blog/defining-the-emr-and-the-benefits-of-implementing-an-effective-emr-solution-for-your-organizationpractice/_/www.facebook.com/plugins/like2a34.php]
[www.instahealthsolutions.com/blog/defining-the-emr-and-the-benefits-of-implementing-an-effective-emr-solution-for-your-organizationpractice/index.html]
[www.instahealthsolutions.com/blog/reasons-to-consider-cloud-based-hospital-management-solutions/feed/index.html]
[www.instahealthsolutions.com/blog/wp-json/oembed/1.0/embed1b9c.json]
[www.instahealthsolutions.com/blog/wp-json/oembed/1.0/embed7ebb]
[www.instahealthsolutions.com/blog/reasons-to-consider-cloud-based-hospital-management-solutions/_https_/twitter.com/share]
[www.instahealthsolutions.com/blog/reasons-to-consider-cloud-based-hospital-management-solutions/_/www.facebook.com/plugins/likede2f.php]
[www.instahealthsolutions.com/blog/reasons-to-consider-cloud-based-hospital-management-solutions/_http_/twitter.com/share]
[www.instahealthsolutions.com/blog/reasons-to-consider-cloud-based-hospital-management-solutions/_/www.facebook.com/plugins/like3307.php]
[www.instahealthsolutions.com/blog/reasons-to-consider-cloud-based-hospital-management-solutions/index.html]
[www.instahealthsolutions.com/blog/page/1/index.html]
[www.instahealthsolutions.com/blog/wp-json/oembed/1.0/embed35dd.json]
[www.instahealthsolutions.com/blog/better-materials-management-achieved-with-the-effective-use-of-information-systems/feed/index.html]
[www.instahealthsolutions.com/blog/wp-json/oembed/1.0/embed92a8]
[www.instahealthsolutions.com/blog/better-materials-management-achieved-with-the-effective-use-of-information-systems/_https_/twitter.com/share]
[www.instahealthsolutions.com/blog/better-materials-management-achieved-with-the-effective-use-of-information-systems/_/www.facebook.com/plugins/like871a.php]
[www.instahealthsolutions.com/blog/better-materials-management-achieved-with-the-effective-use-of-information-systems/_http_/twitter.com/share]
[www.instahealthsolutions.com/blog/better-materials-management-achieved-with-the-effective-use-of-information-systems/_/www.facebook.com/plugins/likeb1fa.php]
[www.instahealthsolutions.com/blog/better-materials-management-achieved-with-the-effective-use-of-information-systems/index.html]
[www.instahealthsolutions.com/blog/wp-json/oembed/1.0/embed0310.json]
[www.instahealthsolutions.com/blog/how-to-select-the-right-emr-software-vendor-a-provider-perspective/feed/index.html]
[www.instahealthsolutions.com/blog/wp-json/oembed/1.0/embed8336]
[www.instahealthsolutions.com/blog/how-to-select-the-right-emr-software-vendor-a-provider-perspective/_https_/twitter.com/share]
[www.instahealthsolutions.com/blog/how-to-select-the-right-emr-software-vendor-a-provider-perspective/_/www.facebook.com/plugins/like37c7.php]
[www.instahealthsolutions.com/blog/how-to-select-the-right-emr-software-vendor-a-provider-perspective/_http_/twitter.com/share]
[www.instahealthsolutions.com/blog/how-to-select-the-right-emr-software-vendor-a-provider-perspective/_/www.facebook.com/plugins/likef3ab.php]
[www.instahealthsolutions.com/blog/how-to-select-the-right-emr-software-vendor-a-provider-perspective/index.html]
[www.instahealthsolutions.com/blog/wp-json/oembed/1.0/embedc4e3.json]
[www.instahealthsolutions.com/blog/single-specialty-multi-center-hospitals-and-clinics-an-emerging-healthcare-trend-in-india/feed/index.html]
[www.instahealthsolutions.com/blog/wp-json/oembed/1.0/embedd568]
[www.instahealthsolutions.com/blog/single-specialty-multi-center-hospitals-and-clinics-an-emerging-healthcare-trend-in-india/_https_/twitter.com/share]
[www.instahealthsolutions.com/blog/single-specialty-multi-center-hospitals-and-clinics-an-emerging-healthcare-trend-in-india/_/www.facebook.com/plugins/likeb55c.php]
[www.instahealthsolutions.com/blog/single-specialty-multi-center-hospitals-and-clinics-an-emerging-healthcare-trend-in-india/_http_/twitter.com/share]
[www.instahealthsolutions.com/blog/single-specialty-multi-center-hospitals-and-clinics-an-emerging-healthcare-trend-in-india/_/www.facebook.com/plugins/like2c83.php]
[www.instahealthsolutions.com/blog/single-specialty-multi-center-hospitals-and-clinics-an-emerging-healthcare-trend-in-india/index.html]
[www.instahealthsolutions.com/blog/wp-json/oembed/1.0/embed5b5b.json]
[www.instahealthsolutions.com/blog/the-healthcare-value-chain/feed/index.html]
[www.instahealthsolutions.com/blog/wp-json/oembed/1.0/embede962]
[www.instahealthsolutions.com/blog/the-healthcare-value-chain/_https_/twitter.com/share]
[www.instahealthsolutions.com/blog/the-healthcare-value-chain/_/www.facebook.com/plugins/like8527.php]
[31yn48237s4i3n2d4u2bt0mr-wpengine.netdna-ssl.com/blog/wp-content/uploads/2014/02/figure1.jpg]
[31yn48237s4i3n2d4u2bt0mr-wpengine.netdna-ssl.com/blog/wp-content/uploads/2014/02/figure2.jpg]
[31yn48237s4i3n2d4u2bt0mr-wpengine.netdna-ssl.com/blog/wp-content/uploads/2014/02/figure3.jpg]
[31yn48237s4i3n2d4u2bt0mr-wpengine.netdna-ssl.com/blog/wp-content/uploads/2014/02/figure4.jpg]
[www.instahealthsolutions.com/blog/the-healthcare-value-chain/_http_/twitter.com/share]
[www.instahealthsolutions.com/blog/the-healthcare-value-chain/_/www.facebook.com/plugins/like3806.php]
[www.instahealthsolutions.com/blog/the-healthcare-value-chain/index.html]
[www.instahealthsolutions.com/blog/category/healthcare-it-posts/page/1/index.html]
[www.instahealthsolutions.com/blog/indexb7c7.html]
[www.instahealthsolutions.com/blog/why-you-must-introduce-your-medical-practitioner-to-e-prescribing/_https_/twitter.com/share.html]
[www.instahealthsolutions.com/blog/why-you-must-introduce-your-medical-practitioner-to-e-prescribing/_/www.facebook.com/plugins/likec28c.html]
[www.instahealthsolutions.com/blog/why-you-must-introduce-your-medical-practitioner-to-e-prescribing/_/platform.linkedin.com/in.html]
[www.instahealthsolutions.com/blog/why-you-must-introduce-your-medical-practitioner-to-e-prescribing/_http_/twitter.com/share.html]
[www.instahealthsolutions.com/blog/why-you-must-introduce-your-medical-practitioner-to-e-prescribing/_/www.facebook.com/plugins/like2b73.html]
[www.instahealthsolutions.com/blog/indexec4a.html]
[www.instahealthsolutions.com/blog/the-insta-hms-single-screen-philosophy-a-core-principle-that-has-fuelled-wide-spread-emr-adoption/_https_/twitter.com/share.html]
[www.instahealthsolutions.com/blog/the-insta-hms-single-screen-philosophy-a-core-principle-that-has-fuelled-wide-spread-emr-adoption/_/www.facebook.com/plugins/like614f.html]
[www.instahealthsolutions.com/blog/the-insta-hms-single-screen-philosophy-a-core-principle-that-has-fuelled-wide-spread-emr-adoption/_/platform.linkedin.com/in.html]
[www.instahealthsolutions.com/blog/the-insta-hms-single-screen-philosophy-a-core-principle-that-has-fuelled-wide-spread-emr-adoption/_http_/twitter.com/share.html]
[www.instahealthsolutions.com/blog/the-insta-hms-single-screen-philosophy-a-core-principle-that-has-fuelled-wide-spread-emr-adoption/_/www.facebook.com/plugins/likeb219.html]
[www.instahealthsolutions.com/blog/wp-admin/admin-ajax4281.html]
[www.instahealthsolutions.com/blog/indexada0.html]
[www.instahealthsolutions.com/blog/whats-in-it-for-me-as-a-customer-in-the-agile-software-methodology/_https_/twitter.com/share.html]
[www.instahealthsolutions.com/blog/whats-in-it-for-me-as-a-customer-in-the-agile-software-methodology/_/www.facebook.com/plugins/like4765.html]
[www.instahealthsolutions.com/blog/whats-in-it-for-me-as-a-customer-in-the-agile-software-methodology/_/platform.linkedin.com/in.html]
[www.instahealthsolutions.com/blog/whats-in-it-for-me-as-a-customer-in-the-agile-software-methodology/_http_/twitter.com/share.html]
[www.instahealthsolutions.com/blog/whats-in-it-for-me-as-a-customer-in-the-agile-software-methodology/_/www.facebook.com/plugins/likec9bb.html]
[www.instahealthsolutions.com/blog/index17d5.html]
[www.instahealthsolutions.com/blog/top-reasons-to-consider-upgrading-your-hmsemr/_https_/twitter.com/share.html]
[www.instahealthsolutions.com/blog/top-reasons-to-consider-upgrading-your-hmsemr/_/www.facebook.com/plugins/likee353.html]
[www.instahealthsolutions.com/blog/top-reasons-to-consider-upgrading-your-hmsemr/_/platform.linkedin.com/in.html]
[www.instahealthsolutions.com/blog/top-reasons-to-consider-upgrading-your-hmsemr/_http_/twitter.com/share.html]
[www.instahealthsolutions.com/blog/top-reasons-to-consider-upgrading-your-hmsemr/_/www.facebook.com/plugins/like3d5a.html]
[www.instahealthsolutions.com/blog/wp-admin/admin-ajax24bc.html]
[www.instahealthsolutions.com/blog/indexd1a7.html]
[www.instahealthsolutions.com/blog/hospital-management-software-hms-the-erp-for-healthcare-providers/_https_/twitter.com/share.html]
[www.instahealthsolutions.com/blog/hospital-management-software-hms-the-erp-for-healthcare-providers/_/www.facebook.com/plugins/like36be.html]
[www.instahealthsolutions.com/blog/hospital-management-software-hms-the-erp-for-healthcare-providers/_/platform.linkedin.com/in.html]
[www.instahealthsolutions.com/blog/hospital-management-software-hms-the-erp-for-healthcare-providers/_http_/twitter.com/share.html]
[www.instahealthsolutions.com/blog/hospital-management-software-hms-the-erp-for-healthcare-providers/_/www.facebook.com/plugins/like4e57.html]
[www.instahealthsolutions.com/blog/index8bc8.html]
[www.instahealthsolutions.com/blog/top-reasons-for-health-it-implementation-failures/_https_/twitter.com/share.html]
[www.instahealthsolutions.com/blog/top-reasons-for-health-it-implementation-failures/_/www.facebook.com/plugins/like61fe.html]
[www.instahealthsolutions.com/blog/top-reasons-for-health-it-implementation-failures/_/platform.linkedin.com/in.html]
[www.instahealthsolutions.com/blog/top-reasons-for-health-it-implementation-failures/_http_/twitter.com/share.html]
[www.instahealthsolutions.com/blog/top-reasons-for-health-it-implementation-failures/_/www.facebook.com/plugins/like31e9.html]
[www.instahealthsolutions.com/blog/author/admin/page/1/index.html]
[www.instahealthsolutions.com/blog/indexbe3b.html]
[www.instahealthsolutions.com/blog/payers-drive-the-healthcare-providers/_https_/twitter.com/share.html]
[www.instahealthsolutions.com/blog/payers-drive-the-healthcare-providers/_/www.facebook.com/plugins/like5dae.html]
[www.instahealthsolutions.com/blog/payers-drive-the-healthcare-providers/_/platform.linkedin.com/in.html]
[www.instahealthsolutions.com/blog/payers-drive-the-healthcare-providers/_http_/twitter.com/share.html]
[www.instahealthsolutions.com/blog/payers-drive-the-healthcare-providers/_/www.facebook.com/plugins/likecbf4.html]
[www.instahealthsolutions.com/blog/wp-admin/admin-ajax9599.html]
[www.instahealthsolutions.com/blog/index1a26.html]
[www.instahealthsolutions.com/blog/the-it-adoption-strategy-that-healthcare-providers-need-to-adopt-to-stay-ahead-of-competition/_https_/twitter.com/share.html]
[www.instahealthsolutions.com/blog/the-it-adoption-strategy-that-healthcare-providers-need-to-adopt-to-stay-ahead-of-competition/_/www.facebook.com/plugins/like1796.html]
[www.instahealthsolutions.com/blog/the-it-adoption-strategy-that-healthcare-providers-need-to-adopt-to-stay-ahead-of-competition/_/platform.linkedin.com/in.html]
[www.instahealthsolutions.com/Electronic-Medical-Records.html]
[www.instahealthsolutions.com/blog/the-it-adoption-strategy-that-healthcare-providers-need-to-adopt-to-stay-ahead-of-competition/_http_/twitter.com/share.html]
[www.instahealthsolutions.com/blog/the-it-adoption-strategy-that-healthcare-providers-need-to-adopt-to-stay-ahead-of-competition/_/www.facebook.com/plugins/like2bf5.html]
[www.instahealthsolutions.com/blog/wp-admin/admin-ajax8551.html]
[www.instahealthsolutions.com/blog/index31a3.html]
[www.instahealthsolutions.com/blog/defining-the-emr-and-the-benefits-of-implementing-an-effective-emr-solution-for-your-organizationpractice/_https_/twitter.com/share.html]
[www.instahealthsolutions.com/blog/defining-the-emr-and-the-benefits-of-implementing-an-effective-emr-solution-for-your-organizationpractice/_/www.facebook.com/plugins/like6356.html]
[www.instahealthsolutions.com/blog/defining-the-emr-and-the-benefits-of-implementing-an-effective-emr-solution-for-your-organizationpractice/_/platform.linkedin.com/in.html]
[www.instahealthsolutions.com/blog/defining-the-emr-and-the-benefits-of-implementing-an-effective-emr-solution-for-your-organizationpractice/_http_/twitter.com/share.html]
[www.instahealthsolutions.com/blog/defining-the-emr-and-the-benefits-of-implementing-an-effective-emr-solution-for-your-organizationpractice/_/www.facebook.com/plugins/like2a34.html]
[www.instahealthsolutions.com/blog/wp-admin/admin-ajax5e48.html]
[www.instahealthsolutions.com/blog/index198a.html]
[www.instahealthsolutions.com/blog/reasons-to-consider-cloud-based-hospital-management-solutions/_https_/twitter.com/share.html]
[www.instahealthsolutions.com/blog/reasons-to-consider-cloud-based-hospital-management-solutions/_/www.facebook.com/plugins/likede2f.html]
[www.instahealthsolutions.com/blog/reasons-to-consider-cloud-based-hospital-management-solutions/_/platform.linkedin.com/in.html]
[www.instahealthsolutions.com/blog/reasons-to-consider-cloud-based-hospital-management-solutions/_http_/twitter.com/share.html]
[www.instahealthsolutions.com/blog/reasons-to-consider-cloud-based-hospital-management-solutions/_/www.facebook.com/plugins/like3307.html]
[www.instahealthsolutions.com/blog/wp-admin/admin-ajaxb57e.html]
[www.instahealthsolutions.com/blog/index5a24.html]
[www.instahealthsolutions.com/blog/better-materials-management-achieved-with-the-effective-use-of-information-systems/_https_/twitter.com/share.html]
[www.instahealthsolutions.com/blog/better-materials-management-achieved-with-the-effective-use-of-information-systems/_/www.facebook.com/plugins/like871a.html]
[www.instahealthsolutions.com/blog/better-materials-management-achieved-with-the-effective-use-of-information-systems/_/platform.linkedin.com/in.html]
[www.instahealthsolutions.com/blog/better-materials-management-achieved-with-the-effective-use-of-information-systems/_http_/twitter.com/share.html]
[www.instahealthsolutions.com/blog/better-materials-management-achieved-with-the-effective-use-of-information-systems/_/www.facebook.com/plugins/likeb1fa.html]
[www.instahealthsolutions.com/blog/wp-admin/admin-ajaxbaf3.html]
[www.instahealthsolutions.com/blog/index5f87.html]
[www.instahealthsolutions.com/blog/how-to-select-the-right-emr-software-vendor-a-provider-perspective/_https_/twitter.com/share.html]
[www.instahealthsolutions.com/blog/how-to-select-the-right-emr-software-vendor-a-provider-perspective/_/www.facebook.com/plugins/like37c7.html]
[www.instahealthsolutions.com/blog/how-to-select-the-right-emr-software-vendor-a-provider-perspective/_/platform.linkedin.com/in.html]
[www.instahealthsolutions.com/blog/how-to-select-the-right-emr-software-vendor-a-provider-perspective/_http_/twitter.com/share.html]
[www.instahealthsolutions.com/blog/how-to-select-the-right-emr-software-vendor-a-provider-perspective/_/www.facebook.com/plugins/likef3ab.html]
[www.instahealthsolutions.com/blog/wp-admin/admin-ajax38b1.html]
[www.instahealthsolutions.com/blog/index8820.html]
[www.instahealthsolutions.com/blog/single-specialty-multi-center-hospitals-and-clinics-an-emerging-healthcare-trend-in-india/_https_/twitter.com/share.html]
[www.instahealthsolutions.com/blog/single-specialty-multi-center-hospitals-and-clinics-an-emerging-healthcare-trend-in-india/_/www.facebook.com/plugins/likeb55c.html]
[www.instahealthsolutions.com/blog/single-specialty-multi-center-hospitals-and-clinics-an-emerging-healthcare-trend-in-india/_/platform.linkedin.com/in.html]
[www.instahealthsolutions.com/blog/single-specialty-multi-center-hospitals-and-clinics-an-emerging-healthcare-trend-in-india/_http_/twitter.com/share.html]
[www.instahealthsolutions.com/blog/single-specialty-multi-center-hospitals-and-clinics-an-emerging-healthcare-trend-in-india/_/www.facebook.com/plugins/like2c83.html]
[www.instahealthsolutions.com/blog/wp-admin/admin-ajax5b45.html]
[www.instahealthsolutions.com/blog/index30a5.html]
[www.instahealthsolutions.com/blog/the-healthcare-value-chain/_https_/twitter.com/share.html]
[www.instahealthsolutions.com/blog/the-healthcare-value-chain/_/www.facebook.com/plugins/like8527.html]
[www.instahealthsolutions.com/blog/the-healthcare-value-chain/_/platform.linkedin.com/in.html]
[www.instahealthsolutions.com/blog/the-healthcare-value-chain/_http_/twitter.com/share.html]
[www.instahealthsolutions.com/blog/the-healthcare-value-chain/_/www.facebook.com/plugins/like3806.html]
[www.instahealthsolutions.com/blog/wp-admin/admin-ajaxd4d6.html]
